Wed Jun  3 11:48:31 PM CST 2026
检查优化相关环境变量：---->
<--------------------------
GIT version: moling-v3.1-24-gad79690
On branch moling
Your branch is up to date with 'origin/moling'.

+ ./prepare-inputs.sh
(0) 生成简繁混合字频表 full-freq.txt ，繁体字频权重=0.1 ...
(1) 从 yuhao_charsets.lua 生成简繁常用字符集 chars.txt ...
(2) 从字频表 full-freq.txt 生成简繁常用字符集的字频表 freq.txt ...
    WARN: 951 个字符没有权重!
(3) 从宇浩星陈方案的大陆字形拆分表 yustar_chaifen.dict.yaml 生成简繁常用字符集的拆分表 chaifen.txt 和 chaifen-all.txt ...
(4) 从 chaifen-all.txt 生成字根频率表 roots-freq.txt ...
(5) 从万象拼音词典 chars.dict.yaml 生成字根读音 roots-pinyin.txt ...
(6) 从 roots-pinyin.txt 修正并生成字根声码韵码表 roots.txt ...
(7) 分析首根冲突情况，为选择飞键字根提供参考，写入 roots-fly-candidates.txt ...
(8) 生成码灵输入文件 input-fixed.txt, 大码约束 ...
(9) 添加码灵输入文件 input-fixed.txt, 声码和韵码约束 ...
(10) 添加码灵输入文件 input-fixed.txt, 飞键约束 ...
(11) 生成空的 input-roots.txt, 所有字根已定义于 input-fixed.txt ...
(12) 生成码灵输入文件 input-division.txt ...
+ ../target/release/code_genie optimize
✅ 已加载配置文件: config.toml
=== CodeGenie 码灵算法优化器 v10 ===
线程数: 8, 总步数: 40000000
初始温度: 0.005, 结束温度: 0.00005
全局允许键位: qwertyuiopasdfghjklxcvbnm
全码权重: 重码数=0.13, 重码率=0.47, 当量=0.36, CV=0.01, 分布=0.03
简码优化: 关闭 (全码占比=60%, 简码占比=40%)
用指分布输出顺序: qwertyuiopasdfghjklzxcvbnm
输出目录: output-20260603-234832

数据加载完毕:
  - 固定字根(单键): 570
  - 受限字根组(多键): 202 组
  - 动态字根组: 202 组 (共 367 字根)
  - 汉字数量: 11177
  - 总字频: 1031997198
  - 最大码长: 4

🔍 正在校验字根定义...
✅ 校验通过

📐 ScaleConfig 已全部手动配置，跳过自动校准...
  ScaleConfig 来源: 手动配置
  校准尺度 (Scale):
    CollisionCount: 0.001429
    CollisionRate:  285.714286
    Equivalence:    3.333333
    EquivCV:        1.000000
    Distribution:   0.062500

  - 编码基数: 32
  - 编码空间: 1048576

🚀 开始优化...
   [Init T0] 候选 1/50 策略=均衡贪心 → 预热后得分: 0.4363 ✓
   [Init T0] 候选 2/50 策略=频率贪心 → 预热后得分: 0.4102 ✓
   [Init T0] 候选 7/50 策略=频率贪心 → 预热后得分: 0.3801 ✓
   [Init T0] 候选 9/50 策略=分散贪心 → 预热后得分: 0.3515 ✓
   [Init T0] 坐标下降: 0.3515 → 0.1719
   [T0] 初始化完成 | 得分: 0.1719 | 重码: 882(0.0308) 重码率: 0.0770%(0.0641) 当量: 0.1776(0.0763) CV: 1.1718(0.0001) 分布: 10.2270(0.0006)
   🌡️ 降温曲线预览:
   舒适温度: 0.000500 (进度 50.0% 处)
   舒适区宽度: 0.15, 减速深度: 60%
   ┌──────────────────────────────────────────────────────
   │  0% T=5.00e-3 │██████████████████████████████████████████████████
   │  5% T=3.72e-3 │██████████████████████████████████████████████
   │ 10% T=2.77e-3 │███████████████████████████████████████████
   │ 15% T=2.08e-3 │████████████████████████████████████████
   │ 20% T=1.57e-3 │█████████████████████████████████████
   │ 25% T=1.21e-3 │██████████████████████████████████
   │ 30% T=9.49e-4 │███████████████████████████████
   │ 35% T=7.72e-4 │█████████████████████████████
   │ 40% T=6.50e-4 │███████████████████████████
   │ 45% T=5.65e-4 │██████████████████████████
   │ 50% T=5.00e-4 │█████████████████████████ ◄ 舒适区
   │ 55% T=4.43e-4 │███████████████████████
   │ 60% T=3.85e-4 │██████████████████████
   │ 65% T=3.24e-4 │████████████████████
   │ 70% T=2.63e-4 │██████████████████
   │ 75% T=2.07e-4 │███████████████
   │ 80% T=1.59e-4 │████████████
   │ 85% T=1.20e-4 │█████████
   │ 90% T=9.02e-5 │██████
   │ 95% T=6.72e-5 │███
   │100% T=5.00e-5 │
   └──────────────────────────────────────────────────────
   [T0] 进度: 5% | 35.8 万步/分钟 | 基温: 0.003719 | 重码=1107(0.1022) 重码率=0.1451%(0.1964) 当量=0.1987(0.1125) CV=1.0976(0.0001) 分布=14.8335(0.0121) | 当前: 0.4232 🏆最优: 0.1719
   [T0] 步数 4000000 | 36.4 万步/分钟: Reheat ×1.0 (基温 0.002772)
   [T0] 进度: 10% | 36.4 万步/分钟 | 基温: 0.002772 | 重码=1051(0.0819) 重码率=0.1181%(0.1396) 当量=0.1756(0.0731) CV=1.1892(0.0001) 分布=18.4069(0.0244) | 当前: 0.3191 🏆最优: 0.1719
   [T0] 进度: 15% | 36.4 万步/分钟 | 基温: 0.002076 | 重码=1001(0.0652) 重码率=0.1088%(0.1214) 当量=0.1826(0.0845) CV=1.1729(0.0001) 分布=17.0051(0.0192) | 当前: 0.2904 🏆最优: 0.1719
   [T0] 进度: 20% | 36.4 万步/分钟 | 基温: 0.001569 | 重码=923(0.0418) 重码率=0.0840%(0.0762) 当量=0.1709(0.0655) CV=1.2285(0.0001) 分布=17.7313(0.0218) | 当前: 0.2055 🏆最优: 0.1689
   [T0] 进度: 25% | 36.3 万步/分钟 | 基温: 0.001205 | 重码=988(0.0611) 重码率=0.0783%(0.0663) 当量=0.1615(0.0511) CV=1.2247(0.0001) 分布=13.0104(0.0070) | 当前: 0.1856 🏆最优: 0.1442
   [T0] 进度: 30% | 36.0 万步/分钟 | 基温: 0.000949 | 重码=936(0.0455) 重码率=0.0760%(0.0625) 当量=0.1539(0.0398) CV=1.2604(0.0001) 分布=9.6775(0.0002) | 当前: 0.1480 🏆最优: 0.1173
   [T0] 进度: 35% | 35.8 万步/分钟 | 基温: 0.000772 | 重码=873(0.0285) 重码率=0.0625%(0.0407) 当量=0.1467(0.0297) CV=1.2550(0.0001) 分布=10.3914(0.0009) | 当前: 0.1000 🏆最优: 0.0986
   [T0] 进度: 40% | 35.7 万步/分钟 | 基温: 0.000650 | 重码=845(0.0216) 重码率=0.0532%(0.0264) 当量=0.1517(0.0367) CV=1.2545(0.0001) 分布=9.9728(0.0002) | 当前: 0.0851 🏆最优: 0.0774
   [T0] 进度: 45% | 35.6 万步/分钟 | 基温: 0.000565 | 重码=862(0.0257) 重码率=0.0555%(0.0299) 当量=0.1489(0.0327) CV=1.2860(0.0001) 分布=10.2740(0.0007) | 当前: 0.0892 🏆最优: 0.0700
   [T0] 进度: 50% | 35.6 万步/分钟 | 基温: 0.000500 | 重码=839(0.0202) 重码率=0.0496%(0.0211) 当量=0.1458(0.0284) CV=1.2886(0.0001) 分布=10.4151(0.0010) | 当前: 0.0708 🏆最优: 0.0604
   [T0] 进度: 55% | 35.5 万步/分钟 | 基温: 0.000443 | 重码=840(0.0204) 重码率=0.0501%(0.0219) 当量=0.1464(0.0293) CV=1.2776(0.0001) 分布=10.3453(0.0009) | 当前: 0.0725 🏆最优: 0.0604
   [T0] 进度: 60% | 35.5 万步/分钟 | 基温: 0.000385 | 重码=839(0.0202) 重码率=0.0508%(0.0229) 当量=0.1464(0.0292) CV=1.2894(0.0001) 分布=9.6184(0.0002) | 当前: 0.0726 🏆最优: 0.0556
   [T0] 进度: 65% | 35.5 万步/分钟 | 基温: 0.000324 | 重码=819(0.0156) 重码率=0.0487%(0.0197) 当量=0.1458(0.0285) CV=1.2974(0.0001) 分布=9.4498(0.0002) | 当前: 0.0641 🏆最优: 0.0525
   [T0] 进度: 70% | 35.4 万步/分钟 | 基温: 0.000263 | 重码=785(0.0083) 重码率=0.0468%(0.0170) 当量=0.1450(0.0273) CV=1.2910(0.0001) 分布=10.0349(0.0003) | 当前: 0.0529 🏆最优: 0.0496
   [T0] 进度: 75% | 35.3 万步/分钟 | 基温: 0.000207 | 重码=786(0.0085) 重码率=0.0467%(0.0169) 当量=0.1434(0.0252) CV=1.3009(0.0001) 分布=9.7708(0.0002) | 当前: 0.0509 🏆最优: 0.0477
   [T0] 进度: 80% | 35.2 万步/分钟 | 基温: 0.000159 | 重码=774(0.0060) 重码率=0.0462%(0.0162) 当量=0.1450(0.0274) CV=1.2800(0.0001) 分布=10.4287(0.0010) | 当前: 0.0507 🏆最优: 0.0471
   [T0] 进度: 85% | 35.2 万步/分钟 | 基温: 0.000120 | 重码=767(0.0047) 重码率=0.0459%(0.0157) 当量=0.1446(0.0268) CV=1.2912(0.0001) 分布=9.9008(0.0002) | 当前: 0.0475 🏆最优: 0.0460
   [T0] 进度: 90% | 35.1 万步/分钟 | 基温: 0.000090 | 重码=776(0.0064) 重码率=0.0460%(0.0158) 当量=0.1428(0.0243) CV=1.3004(0.0001) 分布=9.8880(0.0002) | 当前: 0.0469 🏆最优: 0.0457
   [T0] 进度: 95% | 35.0 万步/分钟 | 基温: 0.000067 | 重码=773(0.0058) 重码率=0.0458%(0.0156) 当量=0.1429(0.0245) CV=1.3021(0.0002) 分布=10.0602(0.0003) | 当前: 0.0464 🏆最优: 0.0452
   [T0] SA 完成，执行最终精炼...
   [T0] 坐标下降精炼: 0.0452 → 0.0452
   [T0] 最终得分: 0.0452 重码: 770

=================================
🏆 最优结果 (线程 3):
   综合得分: 0.0194
   「全码」重码数: 751  (分: 0.0016)
   「全码」重码率: 0.040792%  (分: 0.0085)
   「全码」加权键均当量: 0.1306  (分: 0.0084)
   「全码」当量变异系数(CV): 1.3613  (分: 0.0008)
   「全码」用指分布偏差(L2): 9.8879  (分: 0.0002)
⏱️ 总耗时: 7239.481688178s
=================================

📁 保存所有线程结果...
结果已保存至 output-20260603-234832/output-keymap.txt, output-encode.txt, output-simple-codes.txt, output-combined.txt 等

所有结果已保存至 output-20260603-234832/
  - summary.txt              汇总排名
  - output-*.txt             全局最优结果
  - output-simple-codes.txt  简码分配
  - thread-XX/               各线程结果

real	120m39.881s
user	950m45.533s
sys	0m3.508s
+ set +x
Thu Jun  4 01:49:12 AM CST 2026
