Sun May 24 10:41:29 CST 2026
检查优化相关环境变量：---->
<--------------------------
GIT version: moling-v3.1-14-g31c9109
On branch moling
Your branch is up to date with 'origin/moling'.

+ ./prepare-inputs.sh
(0) 生成简繁混合字频表 full-freq.txt ，繁体字频权重=0.1 ...
(1) 从 yuhao_charsets.lua 生成简繁常用字符集 chars.txt ...
(2) 从字频表 full-freq.txt 生成简繁常用字符集的字频表 freq.txt ...
    WARN: 951 个字符没有权重!
(3) 从宇浩星陈方案的大陆字形拆分表 yustar_chaifen.dict.yaml 生成简繁常用字符集的拆分表 chaifen.txt 和 chaifen-all.txt ...
(4) 从 chaifen-all.txt 生成字根频率表 roots-freq.txt ...
(5) 从万象拼音词典 chars.dict.yaml 生成字根读音 roots-pinyin.txt ...
(6) 从 roots-pinyin.txt 修正并生成字根声码韵码表 roots.txt ...
(7) 分析首根冲突情况，为选择飞键字根提供参考，写入 roots-fly-candidates.txt ...
(8) 生成码灵输入文件 input-fixed.txt, 大码约束 ...
(9) 添加码灵输入文件 input-fixed.txt, 声码和韵码约束 ...
(10) 添加码灵输入文件 input-fixed.txt, 飞键约束 ...
(11) 生成空的 input-roots.txt, 所有字根已定义于 input-fixed.txt ...
(12) 生成码灵输入文件 input-division.txt ...
+ caffeinate -imsu ../target/release/code_genie optimize
✅ 已加载配置文件: config.toml
=== CodeGenie 码灵算法优化器 v10 ===
线程数: 8, 总步数: 300000000
初始温度: 100, 结束温度: 0.00000001
全局允许键位: qwertyuiopasdfghjklxcvbnm
全码权重: 重码数=0.12, 重码率=0.48, 当量=0.35, CV=0.01, 分布=0.04
简码优化: 关闭 (全码占比=60%, 简码占比=40%)
用指分布输出顺序: qwertyuiopasdfghjklzxcvbnm
输出目录: output-20260524-104131

数据加载完毕:
  - 固定字根(单键): 570
  - 受限字根组(多键): 202 组
  - 动态字根组: 202 组 (共 367 字根)
  - 汉字数量: 11177
  - 总字频: 1031997198
  - 最大码长: 4

🔍 正在校验字根定义...
✅ 校验通过

📐 正在进行初始尺度校准...
  初始状态观测:
    重码数: 708,  重码率: 0.004237
    当量: 0.2738,  CV: 0.8884
  校准尺度 (Scale):
    CollisionCount: 0.001412
    CollisionRate:  236.019401
    Equivalence:    3.652128

  - 编码基数: 32
  - 编码空间: 1048576

🚀 开始优化...
   [Init T0] 候选 1/50 策略=均衡贪心 → 预热后得分: 0.6325 ✓
   [Init T0] 候选 6/50 策略=均衡贪心 → 预热后得分: 0.6247 ✓
   [Init T0] 候选 9/50 策略=分散贪心 → 预热后得分: 0.6134 ✓
   [Init T0] 候选 12/50 策略=频率贪心 → 预热后得分: 0.5953 ✓
   [Init T0] 坐标下降: 0.5953 → 0.4841
   [T0] 初始化完成 | 得分: 0.4841 | 重码: 926 重码率: 0.0808% 当量: 0.1630
   🌡️ 降温曲线预览:
   舒适温度: 0.400000 (进度 24.0% 处)
   舒适区宽度: 0.15, 减速深度: 70%
   ┌──────────────────────────────────────────────────────
   │  0% T=1.00e2 │██████████████████████████████████████████████████
   │  5% T=3.18e1 │███████████████████████████████████████████████
   │ 10% T=1.24e1 │█████████████████████████████████████████████
   │ 15% T=5.93e0 │███████████████████████████████████████████
   │ 20% T=3.39e0 │██████████████████████████████████████████
   │ 25% T=2.12e0 │█████████████████████████████████████████ ◄ 舒适区
   │ 30% T=1.29e0 │████████████████████████████████████████
   │ 35% T=6.95e-1 │███████████████████████████████████████
   │ 40% T=3.06e-1 │█████████████████████████████████████
   │ 45% T=1.09e-1 │███████████████████████████████████
   │ 50% T=3.24e-2 │████████████████████████████████
   │ 55% T=8.36e-3 │█████████████████████████████
   │ 60% T=1.98e-3 │██████████████████████████
   │ 65% T=4.44e-4 │███████████████████████
   │ 70% T=9.76e-5 │███████████████████
   │ 75% T=2.12e-5 │████████████████
   │ 80% T=4.59e-6 │█████████████
   │ 85% T=9.92e-7 │█████████
   │ 90% T=2.14e-7 │██████
   │ 95% T=4.63e-8 │███
   │100% T=1.00e-8 │
   └──────────────────────────────────────────────────────
   [T0] 进度: 5% | 69.5 万步/分钟 | 基温: 31.797066 | 重码=1959 重码率=1.7088% 当量=0.2251 | 当前: 2.6443 🏆最优: 0.4841
   [T0] 步数 30000000 | 69.7 万步/分钟: Reheat ×1.0 (基温 12.356160)
   [T0] 进度: 10% | 69.7 万步/分钟 | 基温: 12.356160 | 重码=2141 重码率=2.4143% 当量=0.2972 | 当前: 3.6030 🏆最优: 0.4841
   [T0] 进度: 15% | 69.9 万步/分钟 | 基温: 5.933302 | 重码=2330 重码率=2.6198% 当量=0.2507 | 当前: 3.7721 🏆最优: 0.4841
   [T0] 进度: 20% | 63.3 万步/分钟 | 基温: 3.392728 | 重码=2963 重码率=3.6539% 当量=0.2518 | 当前: 5.1128 🏆最优: 0.4841
   [T0] 步数 60000001 | 63.3 万步/分钟: Reheat ×1.0 (基温 3.392728)
   [T0] 进度: 25% | 57.3 万步/分钟 | 基温: 2.120855 | 重码=2184 重码率=2.1695% 当量=0.2530 | 当前: 3.2306 🏆最优: 0.4841
   [T0] 进度: 30% | 55.9 万步/分钟 | 基温: 1.294832 | 重码=2138 重码率=1.9189% 当量=0.3069 | 当前: 3.0029 🏆最优: 0.4841
   [T0] 步数 90000002 | 55.9 万步/分钟: Reheat ×1.0 (基温 1.294832)
   [T0] 进度: 35% | 54.7 万步/分钟 | 基温: 0.694849 | 重码=2106 重码率=1.9889% 当量=0.2414 | 当前: 2.9745 🏆最优: 0.4841
   [T0] 进度: 40% | 53.6 万步/分钟 | 基温: 0.306489 | 重码=2308 重码率=1.8841% 当量=0.2469 | 当前: 2.9721 🏆最优: 0.4841
   [T0] 步数 120000003 | 53.6 万步/分钟: Reheat ×1.0 (基温 0.306489)
   [T0] 进度: 45% | 54.3 万步/分钟 | 基温: 0.109338 | 重码=1783 重码率=1.8830% 当量=0.2652 | 当前: 2.8354 🏆最优: 0.4841
   [T0] 进度: 50% | 54.4 万步/分钟 | 基温: 0.032389 | 重码=1737 重码率=0.9372% 当量=0.2556 | 当前: 1.7660 🏆最优: 0.4841
   [T0] 步数 150000004 | 54.4 万步/分钟: Reheat ×1.0 (基温 0.032389)
   [T0] 进度: 55% | 54.0 万步/分钟 | 基温: 0.008360 | 重码=1496 重码率=0.4170% 当量=0.2134 | 当前: 1.0598 🏆最优: 0.4841
   [T0] 进度: 60% | 53.0 万步/分钟 | 基温: 0.001976 | 重码=1134 重码率=0.1366% 当量=0.1768 | 当前: 0.6019 🏆最优: 0.4841
   [T0] 步数 180000005 | 53.0 万步/分钟: Reheat ×1.0 (基温 0.001976)
   [T0] 进度: 65% | 50.5 万步/分钟 | 基温: 0.000444 | 重码=905 重码率=0.0541% 当量=0.1321 | 当前: 0.4135 🏆最优: 0.3928
   [T0] 进度: 70% | 49.7 万步/分钟 | 基温: 0.000098 | 重码=812 重码率=0.0487% 当量=0.1261 | 当前: 0.3749 🏆最优: 0.3724
   [T0] 进度: 75% | 49.0 万步/分钟 | 基温: 0.000021 | 重码=801 重码率=0.0478% 当量=0.1262 | 当前: 0.3720 🏆最优: 0.3720
   [T0] 进度: 80% | 48.4 万步/分钟 | 基温: 0.000005 | 重码=801 重码率=0.0478% 当量=0.1262 | 当前: 0.3720 🏆最优: 0.3720
   [T0] 进度: 85% | 47.4 万步/分钟 | 基温: 0.000001 | 重码=801 重码率=0.0478% 当量=0.1262 | 当前: 0.3720 🏆最优: 0.3720
   [T0] 进度: 90% | 45.2 万步/分钟 | 基温: 0.000000 | 重码=801 重码率=0.0478% 当量=0.1262 | 当前: 0.3720 🏆最优: 0.3720
   [T0] 进度: 95% | 44.4 万步/分钟 | 基温: 0.000000 | 重码=801 重码率=0.0478% 当量=0.1262 | 当前: 0.3720 🏆最优: 0.3720
   [T0] SA 完成，执行最终精炼...
   [T0] 最终得分: 0.3720 重码: 801

=================================
🏆 最优结果 (线程 5):
   综合得分: 0.3694
   「全码」重码数: 807
   「全码」重码率: 0.042248%
   「全码」加权键均当量: 0.1275
   「全码」当量变异系数(CV): 1.3373
   「全码」用指分布偏差(L2): 3.2639
⏱️ 总耗时: 42108.084951129s
=================================

📁 保存所有线程结果...
结果已保存至 output-20260524-104131/output-keymap.txt, output-encode.txt, output-simple-codes.txt, output-combined.txt 等

所有结果已保存至 output-20260524-104131/
  - summary.txt              汇总排名
  - output-*.txt             全局最优结果
  - output-simple-codes.txt  简码分配
  - thread-XX/               各线程结果

real	701m49.340s
user	5369m17.438s
sys	41m21.329s
+ set +x
Sun May 24 22:23:20 CST 2026
