Wed Jun  3 07:22:11 CST 2026
检查优化相关环境变量：---->
<--------------------------
GIT version: moling-v3.1-24-gad79690
On branch moling
Your branch is up to date with 'origin/moling'.

+ ./prepare-inputs.sh
(0) 生成简繁混合字频表 full-freq.txt ，繁体字频权重=0.1 ...
(1) 从 yuhao_charsets.lua 生成简繁常用字符集 chars.txt ...
(2) 从字频表 full-freq.txt 生成简繁常用字符集的字频表 freq.txt ...
    WARN: 951 个字符没有权重!
(3) 从宇浩星陈方案的大陆字形拆分表 yustar_chaifen.dict.yaml 生成简繁常用字符集的拆分表 chaifen.txt 和 chaifen-all.txt ...
(4) 从 chaifen-all.txt 生成字根频率表 roots-freq.txt ...
(5) 从万象拼音词典 chars.dict.yaml 生成字根读音 roots-pinyin.txt ...
(6) 从 roots-pinyin.txt 修正并生成字根声码韵码表 roots.txt ...
(7) 分析首根冲突情况，为选择飞键字根提供参考，写入 roots-fly-candidates.txt ...
(8) 生成码灵输入文件 input-fixed.txt, 大码约束 ...
(9) 添加码灵输入文件 input-fixed.txt, 声码和韵码约束 ...
(10) 添加码灵输入文件 input-fixed.txt, 飞键约束 ...
(11) 生成空的 input-roots.txt, 所有字根已定义于 input-fixed.txt ...
(12) 生成码灵输入文件 input-division.txt ...
+ caffeinate -imsu ../target/release/code_genie optimize
✅ 已加载配置文件: config.toml
=== CodeGenie 码灵算法优化器 v10 ===
线程数: 8, 总步数: 40000000
初始温度: 0.005, 结束温度: 0.00005
全局允许键位: qwertyuiopasdfghjklxcvbnm
全码权重: 重码数=0.13, 重码率=0.47, 当量=0.36, CV=0.01, 分布=0.03
简码优化: 关闭 (全码占比=60%, 简码占比=40%)
用指分布输出顺序: qwertyuiopasdfghjklzxcvbnm
输出目录: output-20260603-072215

数据加载完毕:
  - 固定字根(单键): 570
  - 受限字根组(多键): 202 组
  - 动态字根组: 202 组 (共 367 字根)
  - 汉字数量: 11177
  - 总字频: 1031997198
  - 最大码长: 4

🔍 正在校验字根定义...
✅ 校验通过

📐 ScaleConfig 已全部手动配置，跳过自动校准...
  ScaleConfig 来源: 手动配置
  校准尺度 (Scale):
    CollisionCount: 0.001429
    CollisionRate:  285.714286
    Equivalence:    3.333333
    EquivCV:        1.000000
    Distribution:   0.062500

  - 编码基数: 32
  - 编码空间: 1048576

🚀 开始优化...
   [Init T0] 候选 1/50 策略=均衡贪心 → 预热后得分: 0.5094 ✓
   [Init T0] 候选 2/50 策略=频率贪心 → 预热后得分: 0.4474 ✓
   [Init T0] 候选 3/50 策略=频率贪心 → 预热后得分: 0.3813 ✓
   [Init T0] 候选 14/50 策略=分散贪心 → 预热后得分: 0.3726 ✓
   [Init T0] 候选 39/50 策略=分散贪心 → 预热后得分: 0.3567 ✓
   [Init T0] 坐标下降: 0.3567 → 0.1548
   [T0] 初始化完成 | 得分: 0.1548 | 重码: 875(0.0290) 重码率: 0.0679%(0.0492) 当量: 0.1745(0.0712) CV: 1.1146(0.0001) 分布: 12.3593(0.0053)
   🌡️ 降温曲线预览:
   舒适温度: 0.000500 (进度 50.0% 处)
   舒适区宽度: 0.15, 减速深度: 60%
   ┌──────────────────────────────────────────────────────
   │  0% T=5.00e-3 │██████████████████████████████████████████████████
   │  5% T=3.72e-3 │██████████████████████████████████████████████
   │ 10% T=2.77e-3 │███████████████████████████████████████████
   │ 15% T=2.08e-3 │████████████████████████████████████████
   │ 20% T=1.57e-3 │█████████████████████████████████████
   │ 25% T=1.21e-3 │██████████████████████████████████
   │ 30% T=9.49e-4 │███████████████████████████████
   │ 35% T=7.72e-4 │█████████████████████████████
   │ 40% T=6.50e-4 │███████████████████████████
   │ 45% T=5.65e-4 │██████████████████████████
   │ 50% T=5.00e-4 │█████████████████████████ ◄ 舒适区
   │ 55% T=4.43e-4 │███████████████████████
   │ 60% T=3.85e-4 │██████████████████████
   │ 65% T=3.24e-4 │████████████████████
   │ 70% T=2.63e-4 │██████████████████
   │ 75% T=2.07e-4 │███████████████
   │ 80% T=1.59e-4 │████████████
   │ 85% T=1.20e-4 │█████████
   │ 90% T=9.02e-5 │██████
   │ 95% T=6.72e-5 │███
   │100% T=5.00e-5 │
   └──────────────────────────────────────────────────────
   [T0] 进度: 5% | 43.3 万步/分钟 | 基温: 0.003719 | 重码=1118(0.1063) 重码率=0.1317%(0.1676) 当量=0.2009(0.1166) CV=1.0679(0.0001) 分布=18.2981(0.0240) | 当前: 0.4146 🏆最优: 0.1548
   [T0] 步数 4000000 | 43.4 万步/分钟: Reheat ×1.0 (基温 0.002772)
   [T0] 进度: 10% | 43.4 万步/分钟 | 基温: 0.002772 | 重码=1087(0.0947) 重码率=0.1266%(0.1569) 当量=0.1985(0.1122) CV=1.1074(0.0001) 分布=13.1891(0.0074) | 当前: 0.3714 🏆最优: 0.1548
   [T0] 进度: 15% | 43.0 万步/分钟 | 基温: 0.002076 | 重码=1076(0.0907) 重码率=0.1161%(0.1358) 当量=0.1760(0.0738) CV=1.2279(0.0001) 分布=12.1078(0.0047) | 当前: 0.3051 🏆最优: 0.1548
   [T0] 进度: 20% | 43.0 万步/分钟 | 基温: 0.001569 | 重码=972(0.0561) 重码率=0.0926%(0.0912) 当量=0.1738(0.0702) CV=1.1839(0.0001) 分布=13.8634(0.0093) | 当前: 0.2269 🏆最优: 0.1548
   [T0] 步数 8000001 | 43.0 万步/分钟: Reheat ×1.0 (基温 0.001569)
   [T0] 进度: 25% | 43.1 万步/分钟 | 基温: 0.001205 | 重码=935(0.0452) 重码率=0.0797%(0.0687) 当量=0.1614(0.0509) CV=1.2077(0.0001) 分布=10.7956(0.0018) | 当前: 0.1667 🏆最优: 0.1297
   [T0] 进度: 30% | 43.3 万步/分钟 | 基温: 0.000949 | 重码=918(0.0404) 重码率=0.0697%(0.0522) 当量=0.1576(0.0453) CV=1.2379(0.0001) 分布=10.5448(0.0013) | 当前: 0.1392 🏆最优: 0.1122
   [T0] 进度: 35% | 42.9 万步/分钟 | 基温: 0.000772 | 重码=912(0.0387) 重码率=0.0619%(0.0397) 当量=0.1487(0.0325) CV=1.2784(0.0001) 分布=12.3054(0.0052) | 当前: 0.1162 🏆最优: 0.0879
   [T0] 进度: 40% | 42.7 万步/分钟 | 基温: 0.000650 | 重码=938(0.0460) 重码率=0.0594%(0.0359) 当量=0.1434(0.0252) CV=1.2682(0.0001) 分布=9.9420(0.0002) | 当前: 0.1074 🏆最优: 0.0772
   [T0] 进度: 45% | 41.9 万步/分钟 | 基温: 0.000565 | 重码=859(0.0250) 重码率=0.0555%(0.0298) 当量=0.1522(0.0375) CV=1.2347(0.0001) 分布=10.8090(0.0018) | 当前: 0.0942 🏆最优: 0.0683
   [T0] 进度: 50% | 41.6 万步/分钟 | 基温: 0.000500 | 重码=856(0.0243) 重码率=0.0533%(0.0265) 当量=0.1395(0.0199) CV=1.2778(0.0001) 分布=9.6384(0.0002) | 当前: 0.0710 🏆最优: 0.0591
   [T0] 进度: 55% | 41.3 万步/分钟 | 基温: 0.000443 | 重码=844(0.0214) 重码率=0.0502%(0.0220) 当量=0.1456(0.0281) CV=1.2791(0.0001) 分布=9.1777(0.0002) | 当前: 0.0718 🏆最优: 0.0590
   [T0] 进度: 60% | 41.3 万步/分钟 | 基温: 0.000385 | 重码=831(0.0183) 重码率=0.0499%(0.0216) 当量=0.1394(0.0197) CV=1.2910(0.0001) 分布=11.0524(0.0023) | 当前: 0.0621 🏆最优: 0.0527
   [T0] 进度: 65% | 41.3 万步/分钟 | 基温: 0.000324 | 重码=823(0.0165) 重码率=0.0492%(0.0204) 当量=0.1371(0.0168) CV=1.3024(0.0002) 分布=9.7915(0.0002) | 当前: 0.0540 🏆最优: 0.0478
   [T0] 进度: 70% | 41.4 万步/分钟 | 基温: 0.000263 | 重码=815(0.0147) 重码率=0.0472%(0.0175) 当量=0.1370(0.0167) CV=1.3031(0.0002) 分布=10.0066(0.0002) | 当前: 0.0493 🏆最优: 0.0464
   [T0] 进度: 75% | 41.4 万步/分钟 | 基温: 0.000207 | 重码=814(0.0145) 重码率=0.0480%(0.0188) 当量=0.1376(0.0174) CV=1.2871(0.0001) 分布=9.1928(0.0002) | 当前: 0.0510 🏆最优: 0.0444
   [T0] 进度: 80% | 41.4 万步/分钟 | 基温: 0.000159 | 重码=796(0.0106) 重码率=0.0469%(0.0171) 当量=0.1371(0.0167) CV=1.2951(0.0001) 分布=9.8479(0.0002) | 当前: 0.0448 🏆最优: 0.0425
   [T0] 进度: 85% | 41.4 万步/分钟 | 基温: 0.000120 | 重码=788(0.0089) 重码率=0.0466%(0.0167) 当量=0.1378(0.0177) CV=1.2783(0.0001) 分布=10.0497(0.0003) | 当前: 0.0437 🏆最优: 0.0415
   [T0] 进度: 90% | 41.4 万步/分钟 | 基温: 0.000090 | 重码=793(0.0099) 重码率=0.0469%(0.0172) 当量=0.1360(0.0153) CV=1.2994(0.0001) 分布=9.8062(0.0002) | 当前: 0.0428 🏆最优: 0.0411
   [T0] 进度: 95% | 41.2 万步/分钟 | 基温: 0.000067 | 重码=790(0.0093) 重码率=0.0466%(0.0167) 当量=0.1356(0.0149) CV=1.2952(0.0001) 分布=10.0050(0.0002) | 当前: 0.0412 🏆最优: 0.0410
   [T0] SA 完成，执行最终精炼...
   [T0] 最终爬山改进 → 得分: 0.0409
   [T0] 坐标下降精炼: 0.0409 → 0.0409
   [T0] 最终得分: 0.0409 重码: 788

=================================
🏆 最优结果 (线程 3):
   综合得分: 0.0296
   「全码」重码数: 770  (分: 0.0053)
   「全码」重码率: 0.044076%  (分: 0.0131)
   「全码」加权键均当量: 0.1323  (分: 0.0105)
   「全码」当量变异系数(CV): 1.3221  (分: 0.0004)
   「全码」用指分布偏差(L2): 10.1036  (分: 0.0004)
⏱️ 总耗时: 5986.794981276s
=================================

📁 保存所有线程结果...
结果已保存至 output-20260603-072215/output-keymap.txt, output-encode.txt, output-simple-codes.txt, output-combined.txt 等

所有结果已保存至 output-20260603-072215/
  - summary.txt              汇总排名
  - output-*.txt             全局最优结果
  - output-simple-codes.txt  简码分配
  - thread-XX/               各线程结果

real	99m47.523s
user	786m23.751s
sys	4m1.374s
+ set +x
Wed Jun  3 09:02:03 CST 2026
