Sat Oct  3 20:35:56 +08 2026
检查优化相关环境变量：---->
POWERLEVEL9K_DISABLE_CONFIGURATION_WIZARD=true
SCHEMA=xiaoming
NO_PROXY=localhost,127.0.0.1,::1
<--------------------------
GIT version: v3.0.0-28-gf5fd916
On branch moling
Your branch is up to date with 'origin/moling'.

Changes not staged for commit:
  (use "git add <file>..." to update what will be committed)
  (use "git restore <file>..." to discard changes in working directory)
	modified:   config-xiaoming.toml

no changes added to commit (use "git add" and/or "git commit -a")

+ '[' 0 = 1 ']'
+ echo 'NO_PREPARE 不为 1，执行 ./prepare-inputs.sh'
NO_PREPARE 不为 1，执行 ./prepare-inputs.sh
+ ./prepare-inputs.sh
(0) 生成简繁混合字频表 full-freq.txt ，繁体字频权重=0.1 ...
(1) 从 yuhao_charsets.lua 生成简繁常用字符集 chars.txt ...
(2) 从字频表 full-freq.txt 生成算码字符集的字频表 freq.txt ...
    WARN: 951 个字符没有权重!
(3) 从宇浩星陈方案的大陆字形拆分表 yustar_chaifen.dict.yaml 生成算码字符集的拆分表 chaifen.txt 和 全字集拆分表 chaifen-all.txt ...
(4) 从 chaifen-all.txt 生成字根频率表 roots-freq.txt ...
(5) 从万象拼音词典 chars.dict.yaml 生成字根读音 roots-pinyin.txt ...
(6) 从 roots-pinyin.txt 修正并生成字根声码韵码表 roots.txt ...
(7) 分析首根冲突情况，为选择飞键字根提供参考，写入 roots-fly-candidates.txt ...
(8) 生成码灵输入文件 input-fixed.txt, 大码约束 ...
(9) 添加码灵输入文件 input-fixed.txt, 声码和韵码约束 ...
(10) 添加码灵输入文件 input-fixed.txt, 飞键约束 ...
(11) 生成空的 input-roots.txt, 所有字根已定义于 input-fixed.txt ...
(12) 生成码灵输入文件 input-division.txt ...
(13) 替换 input-fixed.txt 和 input-division.txt 中的 .A, .S, .Y  为 .0, .1, .2 以让码灵能计算简码 ...
+ echo

+ '[' 0 = 1 ']'
+ cargo build --profile=release
warning: unused import: `LogicalRoot`
  --> src/context.rs:12:37
   |
12 |     FixedSimpleCode, KeyDistConfig, LogicalRoot, RootGroup, ScaleConfig, SimpleAssignMode,
   |                                     ^^^^^^^^^^^
   |
   = note: `#[warn(unused_imports)]` (part of `#[warn(unused)]`) on by default

warning: unused import: `KEY_SPACE`
 --> src/loader.rs:8:65
  |
8 | use crate::types::{char_to_key_index, KeyDistConfig, RootGroup, KEY_SPACE};
  |                                                                 ^^^^^^^^^

warning: unused import: `extract_base_name`
 --> src/validate.rs:8:20
  |
8 | use crate::types::{extract_base_name, RootGroup};
  |                    ^^^^^^^^^^^^^^^^^

warning: variable does not need to be mutable
    --> src/annealing.rs:1145:9
     |
1145 |     let mut write_ckpt = |step: usize,
     |         ----^^^^^^^^^^
     |         |
     |         help: remove this `mut`
     |
     = note: `#[warn(unused_mut)]` (part of `#[warn(unused)]`) on by default

warning: value assigned to `best_metrics` is never read
    --> src/annealing.rs:1590:9
     |
1590 |         best_metrics = best_eval.get_metrics(ctx);
     |         ^^^^^^^^^^^^^^^^^^^^^^^^^^^^^^^^^^^^^^^^^ this value is reassigned later and never used
...
1610 |         best_metrics = eval.get_metrics(ctx);
     |         ------------------------------------ `best_metrics` is overwritten here before the previous value is read
     |
     = note: `#[warn(unused_assignments)]` (part of `#[warn(unused)]`) on by default

warning: value assigned to `best_metrics` is never read
    --> src/annealing.rs:1610:9
     |
1610 |         best_metrics = eval.get_metrics(ctx);
     |         ^^^^^^^^^^^^^^^^^^^^^^^^^^^^^^^^^^^^ this value is reassigned later and never used
...
1629 |             best_metrics = eval.get_metrics(ctx);
     |             ------------------------------------ `best_metrics` is overwritten here before the previous value is read

warning: value assigned to `best_metrics` is never read
    --> src/annealing.rs:1629:13
     |
1629 |             best_metrics = eval.get_metrics(ctx);
     |             ^^^^^^^^^^^^^^^^^^^^^^^^^^^^^^^^^^^^ this value is reassigned later and never used
...
1662 |         best_metrics = best_eval.get_metrics(ctx);
     |         ----------------------------------------- `best_metrics` is overwritten here before the previous value is read

warning: value assigned to `best_simple_metrics` is never read
    --> src/annealing.rs:1591:9
     |
1591 |         best_simple_metrics = best_eval.get_simple_metrics(ctx);
     |         ^^^^^^^^^^^^^^^^^^^^^^^^^^^^^^^^^^^^^^^^^^^^^^^^^^^^^^^ this value is reassigned later and never used
...
1611 |         best_simple_metrics = eval.get_simple_metrics(ctx);
     |         -------------------------------------------------- `best_simple_metrics` is overwritten here before the previous value is read

warning: value assigned to `best_simple_metrics` is never read
    --> src/annealing.rs:1611:9
     |
1611 |         best_simple_metrics = eval.get_simple_metrics(ctx);
     |         ^^^^^^^^^^^^^^^^^^^^^^^^^^^^^^^^^^^^^^^^^^^^^^^^^^ this value is reassigned later and never used
...
1630 |             best_simple_metrics = eval.get_simple_metrics(ctx);
     |             -------------------------------------------------- `best_simple_metrics` is overwritten here before the previous value is read

warning: value assigned to `best_simple_metrics` is never read
    --> src/annealing.rs:1630:13
     |
1630 |             best_simple_metrics = eval.get_simple_metrics(ctx);
     |             ^^^^^^^^^^^^^^^^^^^^^^^^^^^^^^^^^^^^^^^^^^^^^^^^^^ this value is reassigned later and never used
...
1663 |         best_simple_metrics = best_eval.get_simple_metrics(ctx);
     |         ------------------------------------------------------- `best_simple_metrics` is overwritten here before the previous value is read

warning: unused variable: `display_order`
   --> src/output.rs:389:9
    |
389 |     let display_order = &ctx.weights; // 从 ctx 获取显示顺序需要额外存储，暂时使用默认
    |         ^^^^^^^^^^^^^ help: if this is intentional, prefix it with an underscore: `_display_order`
    |
    = note: `#[warn(unused_variables)]` (part of `#[warn(unused)]`) on by default

warning: associated function `load` is never used
   --> src/config.rs:288:12
    |
286 | impl Config {
    | ----------- associated function in this implementation
287 |     /// 从 config.toml 加载配置
288 |     pub fn load() -> Self {
    |            ^^^^
    |
    = note: `#[warn(dead_code)]` (part of `#[warn(unused)]`) on by default

warning: fields `root_full_codes`, `code_base_powers`, and `simple_fixed_assigned` are never read
   --> src/context.rs:65:9
    |
 25 | pub struct OptContext {
    |            ---------- fields in this struct
...
 65 |     pub root_full_codes: HashMap<String, Vec<String>>,
    |         ^^^^^^^^^^^^^^^
...
 69 |     pub code_base_powers: Vec<usize>,
    |         ^^^^^^^^^^^^^^^^
...
111 |     pub simple_fixed_assigned: Vec<bool>,
    |         ^^^^^^^^^^^^^^^^^^^^^

warning: associated items `new` and `get_simple_keys` are never used
   --> src/context.rs:135:12
    |
133 | impl OptContext {
    | --------------- associated items in this implementation
134 |     /// 创建新的优化上下文
135 |     pub fn new(
    |            ^^^
...
740 |     pub fn get_simple_keys(&self, ci: usize, level_idx: usize, assignment: &[u8]) -> Option<Vec<u8>> {
    |            ^^^^^^^^^^^^^^^

warning: field `code_num` is never read
  --> src/evaluator.rs:54:5
   |
52 | struct SimpleLevelTracker {
   |        ------------------ field in this struct
53 |     /// 该级别的编码数
54 |     code_num: usize,
   |     ^^^^^^^^

warning: method `full_rebuild` is never used
   --> src/evaluator.rs:797:12
    |
269 | impl SimpleEvaluator {
    | -------------------- method in this implementation
...
797 |     pub fn full_rebuild(
    |            ^^^^^^^^^^^^

warning: fields `total_key_presses` and `total_frequency` are never read
    --> src/evaluator.rs:1917:9
     |
1883 | pub struct Evaluator {
     |            --------- fields in this struct
...
1917 |     pub total_key_presses: f64,
     |         ^^^^^^^^^^^^^^^^^
...
1920 |     pub total_frequency: u64,
     |         ^^^^^^^^^^^^^^^

warning: associated items `bucket_cf_static` and `rebuild_simple` are never used
    --> src/evaluator.rs:2173:8
     |
1950 | impl Evaluator {
     | -------------- associated items in this implementation
...
2173 |     fn bucket_cf_static(ctx: &OptContext, chars: &[usize]) -> u64 {
     |        ^^^^^^^^^^^^^^^^
...
2762 |     pub fn rebuild_simple(&mut self, ctx: &OptContext, assignment: &[u8]) {
     |            ^^^^^^^^^^^^^^

warning: field `total` is never read
   --> src/types.rs:224:9
    |
216 | pub struct MetricScores {
    |            ------------ field in this struct
...
224 |     pub total: f64,
    |         ^^^^^
    |
    = note: `MetricScores` has a derived impl for the trait `Clone`, but this is intentionally ignored during dead code analysis

warning: associated functions `with_commit_keys` and `with_space_commit` are never used
   --> src/types.rs:293:12
    |
285 | impl SimpleCodeLevel {
    | -------------------- associated functions in this implementation
...
293 |     pub fn with_commit_keys(
    |            ^^^^^^^^^^^^^^^^
...
312 |     pub fn with_space_commit(
    |            ^^^^^^^^^^^^^^^^^

warning: fields `keys` and `commit_key` are never read
   --> src/types.rs:345:9
    |
339 | pub struct FixedSimpleCode {
    |            --------------- fields in this struct
...
345 |     pub keys: Vec<u8>,
    |         ^^^^
346 |     /// 末位上屏键（`Some(k)`：字母键或 `KEY_SPACE`；`None`：无上屏键 / 自动上屏）。
347 |     pub commit_key: Option<u8>,
    |         ^^^^^^^^^^
    |
    = note: `FixedSimpleCode` has derived impls for the traits `Debug` and `Clone`, but these are intentionally ignored during dead code analysis

warning: `code_genie` (bin "code_genie") generated 21 warnings (run `cargo fix --bin "code_genie" -p code_genie` to apply 5 suggestions)
    Finished `release` profile [optimized] target(s) in 0.13s
+ echo

+ caffeinate -imsu ../target/release/code_genie -c config-xiaoming.toml optimize -d output-20261003-203525
✅ 已加载配置文件: config-xiaoming.toml
=== CodeGenie 码灵算法优化器 v10 ===
线程数: 8, 总步数: 80000000
初始温度: 0.005, 结束温度: 0.00005
全局允许键位: qwertyuiopasdfghjklxcvbnm
全码权重: 重码数=0.13, 重码率=0.47, 当量=0.36, CV=0.01, 分布=0.03
简码优化: 开启 (全码占比=60%, 简码占比=40%)
简码子权重: 频率覆盖=0.20, 当量=0.35, 分布=0.05, 重码数=0.10, 重码率=0.30
用指分布输出顺序: qwertyuiopasdfghjklzxcvbnm
输出目录: output-20261003-203525
已备份输入文件至 output-20261003-203525/inputs/

📋 简码配置:
  - 1级简码: 每简码至多1字, 规则: Aa
  - 2级简码: 每简码至多1字, 规则: AaBa
  - 3级简码: 每简码至多1字, 规则: AaAbZb

数据加载完毕:
  - 固定字根(单键): 535
  - 受限字根组(多键): 224 组
  - 动态字根组: 224 组 (共 569 字根)
  - 汉字数量: 11177
  - 总字频: 1031997198
  - 最大码长: 5

🔍 正在校验字根定义...
✅ 校验通过

📐 ScaleConfig 已全部手动配置，跳过自动校准...
  ScaleConfig 来源: 手动配置
  校准尺度 (Scale):
    CollisionCount: 0.007143
    CollisionRate:  2500.000000
    Equivalence:    6.666667
    EquivCV:        1.000000
    Distribution:   0.100000
    SimpleFreq:     2.500000
    SimpleEquiv:    6.666667
    SimpleDist:     0.050000
    SimpleCollCnt:  0.008333
    SimpleCollRate: 3333.333333
⚠️ 警告：固定简码 "不" = "k"（长度 1）无法归属任何简码级别；仍输出并从候选集排除、计入常量贡献，但不占用任何级别名额
⚠️ 警告：固定简码 "了" = "e"（长度 1）无法归属任何简码级别；仍输出并从候选集排除、计入常量贡献，但不占用任何级别名额
⚠️ 警告：固定简码 "在" = "f"（长度 1）无法归属任何简码级别；仍输出并从候选集排除、计入常量贡献，但不占用任何级别名额
⚠️ 警告：固定简码 "我" = "i"（长度 1）无法归属任何简码级别；仍输出并从候选集排除、计入常量贡献，但不占用任何级别名额
⚠️ 警告：固定简码 "是" = "j"（长度 1）无法归属任何简码级别；仍输出并从候选集排除、计入常量贡献，但不占用任何级别名额
⚠️ 警告：固定简码 "的" = "d"（长度 1）无法归属任何简码级别；仍输出并从候选集排除、计入常量贡献，但不占用任何级别名额

  - 编码基数: 32
  - 编码空间: 33554432
📦 桶存储后端选择 (code_base=32, max_parts=5, code_space=33554432, 阈值=2097152):
   · 全码桶: Sparse (容量 33554432 > 阈值 2097152；Dense 将需 ~1536 MB/线程，改用稀疏存储，内存随非空桶数 ≤ n_chars(11177) 增长)
   · 简码级别[0]桶: Dense (容量 32 ≤ 阈值 2097152；预估 ~0 MB/线程)
   · 简码级别[1]桶: Dense (容量 1024 ≤ 阈值 2097152；预估 ~0 MB/线程)
   · 简码级别[2]桶: Dense (容量 32768 ≤ 阈值 2097152；预估 ~1 MB/线程)
💡 提示: 按 Ctrl-C 可暂停并保存检查点，之后用 `resume -d output-20261003-203525` 继续

🚀 开始优化...
   [Init T0] 候选 1/50 策略=均衡贪心 → 预热后得分: 1.1806 ✓
   [Init T0] 候选 8/50 策略=频率贪心 → 预热后得分: 1.1657 ✓
   [Init T0] 候选 17/50 策略=频率贪心 → 预热后得分: 1.0066 ✓
   [Init T0] 候选 37/50 策略=频率贪心 → 预热后得分: 0.8986 ✓
   [Init T0] 坐标下降: 0.8986 → 0.3238
   [T0] 配置确认 | 简码 active 候选覆盖率: 90.01% | active 候选字数: 1265 | 输出候选字数(full): 11171
   [T0] 初始化完成 | 得分: 0.3238 (全码:0.3238 简码:0.0000) | 重码: 179(0.1368) 重码率: 0.0154%(0.0736) 当量: 0.2152(0.3257) CV: 0.8757(0.0001) 分布: 10.9423(0.0034)
   🌡️ 降温曲线预览:
   舒适温度: 0.000500 (进度 50.0% 处)
   舒适区宽度: 0.15, 减速深度: 60%
   ┌──────────────────────────────────────────────────────
   │  0% T=5.00e-3 │██████████████████████████████████████████████████
   │  5% T=3.72e-3 │██████████████████████████████████████████████
   │ 10% T=2.77e-3 │███████████████████████████████████████████
   │ 15% T=2.08e-3 │████████████████████████████████████████
   │ 20% T=1.57e-3 │█████████████████████████████████████
   │ 25% T=1.21e-3 │██████████████████████████████████
   │ 30% T=9.49e-4 │███████████████████████████████
   │ 35% T=7.72e-4 │█████████████████████████████
   │ 40% T=6.50e-4 │███████████████████████████
   │ 45% T=5.65e-4 │██████████████████████████
   │ 50% T=5.00e-4 │█████████████████████████ ◄ 舒适区
   │ 55% T=4.43e-4 │███████████████████████
   │ 60% T=3.85e-4 │██████████████████████
   │ 65% T=3.24e-4 │████████████████████
   │ 70% T=2.63e-4 │██████████████████
   │ 75% T=2.07e-4 │███████████████
   │ 80% T=1.59e-4 │████████████
   │ 85% T=1.20e-4 │█████████
   │ 90% T=9.02e-5 │██████
   │ 95% T=6.72e-5 │███
   │100% T=5.00e-5 │
   └──────────────────────────────────────────────────────
   [T0] 进度:   5% | 基温: 0.003719 | 重码=238(0.2849) 重码率=0.0173%(0.1030) 当量=0.1684(0.1198) CV=1.0645(0.0001) 分布=10.9542(0.0035) | 当前: 0.3068 (全码:0.3068) 🏆最优: 0.2376 (全码:0.2376)
   [T0] 简码:   5% |                  重码=0(0.0000) 重码率=0.0000%(0.0000) 当量=0.0000(0.0000) 覆盖=0.00%(0.0000) 分布=0.0000(0.0000) | 当前简码:0.0000 🏆最优简码:0.0000
   [T0] 速率:   5% | 总吞吐 281.7 万步/分钟 | 窗口吞吐 281.7 万步/分钟 | 窗口接受率  5.94% (接受 237723/4000001 步)

   [T0] 进度:  10% | 基温: 0.002772 | 重码=214(0.2191) 重码率=0.0164%(0.0896) 当量=0.1600(0.0903) CV=1.0949(0.0001) 分布=8.3573(0.0003) | 当前: 0.2397 (全码:0.2397) 🏆最优: 0.1702 (全码:0.1702)
   [T0] 简码:  10% |                  重码=0(0.0000) 重码率=0.0000%(0.0000) 当量=0.0000(0.0000) 覆盖=0.00%(0.0000) 分布=0.0000(0.0000) | 当前简码:0.0000 🏆最优简码:0.0000
   [T0] 速率:  10% | 总吞吐 280.4 万步/分钟 | 窗口吞吐 279.1 万步/分钟 | 窗口接受率  5.17% (接受 206926/4000000 步)

   [T0] 进度:  15% | 基温: 0.002076 | 重码=192(0.1655) 重码率=0.0138%(0.0511) 当量=0.1574(0.0816) CV=1.1048(0.0001) 分布=12.5437(0.0099) | 当前: 0.1849 (全码:0.1849) 🏆最优: 0.1197 (全码:0.1197)
   [T0] 简码:  15% |                  重码=0(0.0000) 重码率=0.0000%(0.0000) 当量=0.0000(0.0000) 覆盖=0.00%(0.0000) 分布=0.0000(0.0000) | 当前简码:0.0000 🏆最优简码:0.0000
   [T0] 速率:  15% | 总吞吐 279.2 万步/分钟 | 窗口吞吐 276.8 万步/分钟 | 窗口接受率  4.27% (接受 170720/4000000 步)

   [T0] 进度:  20% | 基温: 0.001569 | 重码=163(0.1046) 重码率=0.0122%(0.0283) 当量=0.1531(0.0678) CV=1.1272(0.0001) 分布=10.9947(0.0036) | 当前: 0.1227 (全码:0.1227) 🏆最优: 0.0932 (全码:0.0932)
   [T0] 简码:  20% |                  重码=0(0.0000) 重码率=0.0000%(0.0000) 当量=0.0000(0.0000) 覆盖=0.00%(0.0000) 分布=0.0000(0.0000) | 当前简码:0.0000 🏆最优简码:0.0000
   [T0] 速率:  20% | 总吞吐 278.1 万步/分钟 | 窗口吞吐 275.0 万步/分钟 | 窗口接受率  3.57% (接受 142643/4000000 步)

   [T0] 进度:  25% | 基温: 0.001205 | 重码=152(0.0845) 重码率=0.0115%(0.0195) 当量=0.1430(0.0375) CV=1.1736(0.0001) 分布=10.2732(0.0012) | 当前: 0.0856 (全码:0.0856) 🏆最优: 0.0684 (全码:0.0684)
   [T0] 简码:  25% |                  重码=0(0.0000) 重码率=0.0000%(0.0000) 当量=0.0000(0.0000) 覆盖=0.00%(0.0000) 分布=0.0000(0.0000) | 当前简码:0.0000 🏆最优简码:0.0000
   [T0] 速率:  25% | 总吞吐 277.1 万步/分钟 | 窗口吞吐 273.0 万步/分钟 | 窗口接受率  3.03% (接受 121019/4000000 步)

   [T0] 进度:  30% | 基温: 0.000949 | 重码=144(0.0708) 重码率=0.0114%(0.0184) 当量=0.1460(0.0461) CV=1.1301(0.0001) 分布=10.2286(0.0010) | 当前: 0.0819 (全码:0.0819) 🏆最优: 0.0464 (全码:0.0464)
   [T0] 简码:  30% |                  重码=0(0.0000) 重码率=0.0000%(0.0000) 当量=0.0000(0.0000) 覆盖=0.00%(0.0000) 分布=0.0000(0.0000) | 当前简码:0.0000 🏆最优简码:0.0000
   [T0] 速率:  30% | 总吞吐 276.1 万步/分钟 | 窗口吞吐 271.5 万步/分钟 | 窗口接受率  2.53% (接受 101235/4000000 步)

   [T0] 进度:  35% | 基温: 0.000772 | 重码=137(0.0596) 重码率=0.0113%(0.0176) 当量=0.1395(0.0275) CV=1.1840(0.0001) 分布=7.8547(0.0002) | 当前: 0.0630 (全码:0.0630) 🏆最优: 0.0379 (全码:0.0379)
   [T0] 简码:  35% |                  重码=0(0.0000) 重码率=0.0000%(0.0000) 当量=0.0000(0.0000) 覆盖=0.00%(0.0000) 分布=0.0000(0.0000) | 当前简码:0.0000 🏆最优简码:0.0000
   [T0] 速率:  35% | 总吞吐 275.3 万步/分钟 | 窗口吞吐 270.5 万步/分钟 | 窗口接受率  2.14% (接受 85490/4000000 步)

   [T0] 步数 32000000/80000000 | 进度 0.400: 简码已激活（升温 ×1.20）
   [T0] 简码权重渐进 | p=0.400 α=0.000 w=0.0000
   [T0] 进度:  40% | 基温: 0.000650 | 重码=123(0.0390) 重码率=0.0103%(0.0048) 当量=0.1327(0.0097) CV=1.1615(0.0001) 分布=10.3746(0.0015) | 当前: 0.0331 (全码:0.0331) 🏆最优: 0.0211 (全码:0.0211)
   [T0] 简码:  40% |                  重码=111(0.0215) 重码率=0.0081%(0.0008) 当量=0.1483(0.0820) 覆盖=62.89%(0.0019) 分布=43.9566(0.2301) | 当前简码:0.0000 🏆最优简码:0.0000
   [T0] 速率:  40% | 总吞吐 274.6 万步/分钟 | 窗口吞吐 269.7 万步/分钟 | 窗口接受率  1.88% (接受 75311/4000000 步)

   [T0] 简码权重渐进 | p=0.410 α=0.100 w=0.0112
   [T0] 简码权重渐进 | p=0.420 α=0.200 w=0.0416
   [T0] 简码权重渐进 | p=0.430 α=0.300 w=0.0864
   [T0] 简码权重渐进 | p=0.440 α=0.400 w=0.1408
   [T0] 简码权重渐进 | p=0.450 α=0.500 w=0.2000
   [T0] 进度:  45% | 基温: 0.000565 | 重码=121(0.0363) 重码率=0.0101%(0.0024) 当量=0.1336(0.0121) CV=1.1333(0.0001) 分布=10.0807(0.0005) | 当前: 0.0436 (全码:0.0309) 🏆最优: 0.0318 (全码:0.0221)
   [T0] 简码:  45% |                  重码=107(0.0171) 重码率=0.0071%(0.0007) 当量=0.1230(0.0101) 覆盖=61.63%(0.0019) 分布=19.1874(0.0340) | 当前简码:0.0127 🏆最优简码:0.0097
   [T0] 速率:  45% | 总吞吐 223.4 万步/分钟 | 窗口吞吐  89.6 万步/分钟 | 窗口接受率  1.70% (接受 68086/4000000 步)

   [T0] 简码权重渐进 | p=0.460 α=0.600 w=0.2592
   [T0] 简码权重渐进 | p=0.470 α=0.700 w=0.3136
   [T0] 简码权重渐进 | p=0.480 α=0.800 w=0.3584
   [T0] 简码权重渐进 | p=0.490 α=0.900 w=0.3888
   [T0] 简码已达目标权重 W=0.4000
   [T0] 进度:  50% | 基温: 0.000500 | 重码=108(0.0199) 重码率=0.0103%(0.0052) 当量=0.1400(0.0289) CV=1.1356(0.0001) 分布=10.2788(0.0012) | 当前: 0.0424 (全码:0.0331) 🏆最优: 0.0327 (全码:0.0204)
   [T0] 简码:  50% |                  重码=95(0.0051) 重码率=0.0072%(0.0007) 当量=0.1142(0.0027) 覆盖=61.76%(0.0019) 分布=14.0828(0.0126) | 当前简码:0.0092 🏆最优简码:0.0123
   [T0] 速率:  50% | 总吞吐 194.1 万步/分钟 | 窗口吞吐  89.0 万步/分钟 | 窗口接受率  1.31% (接受 52370/4000000 步)

   [T0] 进度:  55% | 基温: 0.000443 | 重码=106(0.0175) 重码率=0.0097%(0.0011) 当量=0.1349(0.0155) CV=1.1460(0.0001) 分布=10.0891(0.0006) | 当前: 0.0321 (全码:0.0209) 🏆最优: 0.0276 (全码:0.0182)
   [T0] 简码:  55% |                  重码=90(0.0008) 重码率=0.0060%(0.0006) 当量=0.1176(0.0027) 覆盖=62.34%(0.0019) 分布=16.5107(0.0220) | 当前简码:0.0112 🏆最优简码:0.0094
   [T0] 速率:  55% | 总吞吐 175.1 万步/分钟 | 窗口吞吐  88.4 万步/分钟 | 窗口接受率  1.17% (接受 46816/4000000 步)

   [T0] 进度:  60% | 基温: 0.000385 | 重码=102(0.0130) 重码率=0.0101%(0.0026) 当量=0.1344(0.0141) CV=1.1485(0.0001) 分布=9.7174(0.0003) | 当前: 0.0260 (全码:0.0181) 🏆最优: 0.0235 (全码:0.0160)
   [T0] 简码:  60% |                  重码=90(0.0008) 重码率=0.0067%(0.0007) 当量=0.1203(0.0036) 覆盖=62.22%(0.0019) 分布=14.1753(0.0130) | 当前简码:0.0079 🏆最优简码:0.0075
   [T0] 速率:  60% | 总吞吐 161.6 万步/分钟 | 窗口吞吐  87.7 万步/分钟 | 窗口接受率  1.08% (接受 43361/4000000 步)

   [T0] 进度:  65% | 基温: 0.000324 | 重码=105(0.0164) 重码率=0.0099%(0.0012) 当量=0.1363(0.0190) CV=1.1381(0.0001) 分布=9.7937(0.0003) | 当前: 0.0299 (全码:0.0222) 🏆最优: 0.0220 (全码:0.0147)
   [T0] 简码:  65% |                  重码=90(0.0008) 重码率=0.0068%(0.0007) 当量=0.1188(0.0028) 覆盖=61.95%(0.0019) 分布=14.2348(0.0132) | 当前简码:0.0077 🏆最优简码:0.0073
   [T0] 速率:  65% | 总吞吐 151.7 万步/分钟 | 窗口吞吐  87.4 万步/分钟 | 窗口接受率  0.94% (接受 37734/4000000 步)

   [T0] 进度:  70% | 基温: 0.000263 | 重码=104(0.0153) 重码率=0.0101%(0.0021) 当量=0.1337(0.0122) CV=1.1353(0.0001) 分布=9.6375(0.0003) | 当前: 0.0256 (全码:0.0180) 🏆最优: 0.0220 (全码:0.0147)
   [T0] 简码:  70% |                  重码=90(0.0008) 重码率=0.0070%(0.0007) 当量=0.1186(0.0028) 覆盖=62.28%(0.0019) 分布=14.1319(0.0128) | 当前简码:0.0076 🏆最优简码:0.0073
   [T0] 速率:  70% | 总吞吐 144.1 万步/分钟 | 窗口吞吐  87.0 万步/分钟 | 窗口接受率  0.79% (接受 31401/4000000 步)

   [T0] 步数 56326927 | 均速 143.5 万步/分钟: Reheat ×1.0 (基温 0.000259)
   [T0] 进度:  75% | 基温: 0.000207 | 重码=105(0.0164) 重码率=0.0099%(0.0012) 当量=0.1328(0.0100) CV=1.1316(0.0001) 分布=9.8672(0.0003) | 当前: 0.0240 (全码:0.0168) 🏆最优: 0.0220 (全码:0.0147)
   [T0] 简码:  75% |                  重码=90(0.0008) 重码率=0.0068%(0.0007) 当量=0.1189(0.0028) 覆盖=61.79%(0.0019) 分布=13.8898(0.0120) | 当前简码:0.0072 🏆最优简码:0.0073
   [T0] 速率:  75% | 总吞吐 137.9 万步/分钟 | 窗口吞吐  86.3 万步/分钟 | 窗口接受率  0.70% (接受 28051/4000000 步)

   [T0] 进度:  80% | 基温: 0.000159 | 重码=105(0.0164) 重码率=0.0099%(0.0012) 当量=0.1328(0.0099) CV=1.1323(0.0001) 分布=9.8674(0.0003) | 当前: 0.0239 (全码:0.0167) 🏆最优: 0.0220 (全码:0.0147)
   [T0] 简码:  80% |                  重码=90(0.0008) 重码率=0.0068%(0.0007) 当量=0.1190(0.0028) 覆盖=61.87%(0.0019) 分布=13.8529(0.0118) | 当前简码:0.0072 🏆最优简码:0.0073
   [T0] 速率:  80% | 总吞吐 132.9 万步/分钟 | 窗口吞吐  86.0 万步/分钟 | 窗口接受率  0.62% (接受 24747/4000000 步)

   [T0] 步数 64326928 | 均速 132.5 万步/分钟: Reheat ×1.0 (基温 0.000156)
   [T0] 进度:  85% | 基温: 0.000120 | 重码=104(0.0153) 重码率=0.0100%(0.0012) 当量=0.1324(0.0090) CV=1.1292(0.0001) 分布=9.8396(0.0003) | 当前: 0.0231 (全码:0.0155) 🏆最优: 0.0220 (全码:0.0147)
   [T0] 简码:  85% |                  重码=90(0.0008) 重码率=0.0068%(0.0007) 当量=0.1183(0.0028) 覆盖=61.97%(0.0019) 分布=14.1752(0.0130) | 当前简码:0.0076 🏆最优简码:0.0073
   [T0] 速率:  85% | 总吞吐 128.7 万步/分钟 | 窗口吞吐  85.4 万步/分钟 | 窗口接受率  0.55% (接受 21972/4000000 步)

   [T0] 进度:  90% | 基温: 0.000090 | 重码=104(0.0153) 重码率=0.0099%(0.0012) 当量=0.1328(0.0102) CV=1.1296(0.0001) 分布=9.7264(0.0003) | 当前: 0.0235 (全码:0.0162) 🏆最优: 0.0220 (全码:0.0147)
   [T0] 简码:  90% |                  重码=90(0.0008) 重码率=0.0069%(0.0007) 当量=0.1194(0.0028) 覆盖=61.78%(0.0019) 分布=13.9044(0.0120) | 当前简码:0.0073 🏆最优简码:0.0073
   [T0] 速率:  90% | 总吞吐 125.2 万步/分钟 | 窗口吞吐  85.5 万步/分钟 | 窗口接受率  0.49% (接受 19666/4000000 步)

   [T0] 步数 72326929 | 均速 124.9 万步/分钟: Reheat ×1.0 (基温 0.000088)
   [T0] 进度:  95% | 基温: 0.000067 | 重码=103(0.0141) 重码率=0.0099%(0.0012) 当量=0.1333(0.0114) CV=1.1297(0.0001) 分布=9.7370(0.0003) | 当前: 0.0235 (全码:0.0163) 🏆最优: 0.0220 (全码:0.0147)
   [T0] 简码:  95% |                  重码=90(0.0008) 重码率=0.0069%(0.0007) 当量=0.1192(0.0028) 覆盖=61.98%(0.0019) 分布=13.8685(0.0119) | 当前简码:0.0072 🏆最优简码:0.0073
   [T0] 速率:  95% | 总吞吐 122.2 万步/分钟 | 窗口吞吐  85.1 万步/分钟 | 窗口接受率  0.45% (接受 18005/4000000 步)

   [T0] 全量重建计数 | 主评估器 rebuild_simple: 0 | 简码 full_rebuild: 0 | SA 主循环增量: 0 ✓ 热路径零全量重建
   [T0] SA 完成，执行最终精炼...
   [T0] 最终爬山改进(active范围) → 得分: 0.0218 (全码:0.0142 简码:0.0076)
   [T0] 坐标下降精炼(active范围): 0.0218 → 0.0215 (全码:0.0141 简码:0.0074)
   [T0] 最终得分(output范围): 0.0212 (全码:0.0141 简码:0.0071) 重码:102 简码覆盖:63.02%

=================================
🏆 最优结果 (线程 4):
   综合得分: 0.0173 (全码:0.0138 简码:0.0032)
   「全码」重码数: 98  (分: 0.0088)
   「全码」重码率: 0.009969%  (分: 0.0012)
   「全码」加权键均当量: 0.1338  (分: 0.0127)
   「全码」当量变异系数(CV): 1.1858  (分: 0.0001)
   「全码」用指分布偏差(L2): 7.1992  (分: 0.0002)
---------------------------------
   「简码」总分: 0.0080  (范围: output 输出全集)
   「简码」重码数: 88  (分: 0.0007)
   「简码」重码率: 0.007517%  (分: 0.0008)
   「简码」覆盖率: 62.8291%  (分: 0.0019)
   「简码」加权当量: 0.1208  (分: 0.0028)
   「简码」分布偏差: 10.2400  (分: 0.0018)
⏱️ 总耗时: 4031.999193916s
=================================

📁 保存所有线程结果...
结果已保存至 output-20261003-203525/output-keymap.txt, output-encode.txt, output-simple-codes.txt, output-combined.txt 等

所有结果已保存至 output-20261003-203525/
  - summary.txt              汇总排名
  - output-*.txt             全局最优结果
  - output-simple-codes.txt  简码分配
  - thread-XX/               各线程结果

real	67m12.672s
user	534m11.687s
sys	0m30.544s
+ set +x
Sat Oct  3 21:43:10 +08 2026
