Thu Jun  4 05:53:56 AM CST 2026
检查优化相关环境变量：---->
<--------------------------
GIT version: moling-v3.1-27-g949172b
On branch moling
Your branch is up to date with 'origin/moling'.

+ ./prepare-inputs.sh
(0) 生成简繁混合字频表 full-freq.txt ，繁体字频权重=0.1 ...
(1) 从 yuhao_charsets.lua 生成简繁常用字符集 chars.txt ...
(2) 从字频表 full-freq.txt 生成简繁常用字符集的字频表 freq.txt ...
    WARN: 951 个字符没有权重!
(3) 从宇浩星陈方案的大陆字形拆分表 yustar_chaifen.dict.yaml 生成简繁常用字符集的拆分表 chaifen.txt 和 chaifen-all.txt ...
(4) 从 chaifen-all.txt 生成字根频率表 roots-freq.txt ...
(5) 从万象拼音词典 chars.dict.yaml 生成字根读音 roots-pinyin.txt ...
(6) 从 roots-pinyin.txt 修正并生成字根声码韵码表 roots.txt ...
(7) 分析首根冲突情况，为选择飞键字根提供参考，写入 roots-fly-candidates.txt ...
(8) 生成码灵输入文件 input-fixed.txt, 大码约束 ...
(9) 添加码灵输入文件 input-fixed.txt, 声码和韵码约束 ...
(10) 添加码灵输入文件 input-fixed.txt, 飞键约束 ...
(11) 生成空的 input-roots.txt, 所有字根已定义于 input-fixed.txt ...
(12) 生成码灵输入文件 input-division.txt ...
+ ../target/release/code_genie optimize
✅ 已加载配置文件: config.toml
=== CodeGenie 码灵算法优化器 v10 ===
线程数: 8, 总步数: 40000000
初始温度: 0.005, 结束温度: 0.00005
全局允许键位: qwertyuiopasdfghjklxcvbnm
全码权重: 重码数=0.10, 重码率=0.50, 当量=0.36, CV=0.01, 分布=0.03
简码优化: 关闭 (全码占比=60%, 简码占比=40%)
用指分布输出顺序: qwertyuiopasdfghjklzxcvbnm
输出目录: output-20260604-055357

数据加载完毕:
  - 固定字根(单键): 570
  - 受限字根组(多键): 202 组
  - 动态字根组: 202 组 (共 367 字根)
  - 汉字数量: 11177
  - 总字频: 1031997198
  - 最大码长: 4

🔍 正在校验字根定义...
✅ 校验通过

📐 ScaleConfig 已全部手动配置，跳过自动校准...
  ScaleConfig 来源: 手动配置
  校准尺度 (Scale):
    CollisionCount: 0.001429
    CollisionRate:  285.714286
    Equivalence:    3.333333
    EquivCV:        1.000000
    Distribution:   0.062500

  - 编码基数: 32
  - 编码空间: 1048576

🚀 开始优化...
   [Init T0] 候选 1/50 策略=均衡贪心 → 预热后得分: 0.5133 ✓
   [Init T0] 候选 2/50 策略=频率贪心 → 预热后得分: 0.3902 ✓
   [Init T0] 候选 8/50 策略=频率贪心 → 预热后得分: 0.3899 ✓
   [Init T0] 候选 11/50 策略=均衡贪心 → 预热后得分: 0.3858 ✓
   [Init T0] 候选 15/50 策略=纯随机 → 预热后得分: 0.3837 ✓
   [Init T0] 候选 16/50 策略=均衡贪心 → 预热后得分: 0.3312 ✓
   [Init T0] 坐标下降: 0.3312 → 0.1317
   [T0] 初始化完成 | 得分: 0.1317 | 重码: 915(0.0304) 重码率: 0.0687%(0.0538) 当量: 0.1584(0.0464) CV: 1.1813(0.0001) 分布: 10.3994(0.0010)
   🌡️ 降温曲线预览:
   舒适温度: 0.000500 (进度 50.0% 处)
   舒适区宽度: 0.15, 减速深度: 60%
   ┌──────────────────────────────────────────────────────
   │  0% T=5.00e-3 │██████████████████████████████████████████████████
   │  5% T=3.72e-3 │██████████████████████████████████████████████
   │ 10% T=2.77e-3 │███████████████████████████████████████████
   │ 15% T=2.08e-3 │████████████████████████████████████████
   │ 20% T=1.57e-3 │█████████████████████████████████████
   │ 25% T=1.21e-3 │██████████████████████████████████
   │ 30% T=9.49e-4 │███████████████████████████████
   │ 35% T=7.72e-4 │█████████████████████████████
   │ 40% T=6.50e-4 │███████████████████████████
   │ 45% T=5.65e-4 │██████████████████████████
   │ 50% T=5.00e-4 │█████████████████████████ ◄ 舒适区
   │ 55% T=4.43e-4 │███████████████████████
   │ 60% T=3.85e-4 │██████████████████████
   │ 65% T=3.24e-4 │████████████████████
   │ 70% T=2.63e-4 │██████████████████
   │ 75% T=2.07e-4 │███████████████
   │ 80% T=1.59e-4 │████████████
   │ 85% T=1.20e-4 │█████████
   │ 90% T=9.02e-5 │██████
   │ 95% T=6.72e-5 │███
   │100% T=5.00e-5 │
   └──────────────────────────────────────────────────────
   [T0] 进度: 5% | 34.2 万步/分钟 | 基温: 0.003719 | 重码=1096(0.0754) 重码率=0.1394%(0.1956) 当量=0.2240(0.1606) CV=1.0612(0.0001) 分布=17.6912(0.0217) | 当前: 0.4534 🏆最优: 0.1317
   [T0] 步数 4000000 | 34.0 万步/分钟: Reheat ×1.0 (基温 0.002772)
   [T0] 进度: 10% | 34.0 万步/分钟 | 基温: 0.002772 | 重码=1157(0.0936) 重码率=0.1270%(0.1678) 当量=0.1829(0.0850) CV=1.2248(0.0001) 分布=14.2001(0.0102) | 当前: 0.3568 🏆最优: 0.1317
   [T0] 进度: 15% | 33.9 万步/分钟 | 基温: 0.002076 | 重码=1046(0.0617) 重码率=0.1036%(0.1188) 当量=0.1697(0.0636) CV=1.2470(0.0001) 分布=11.8219(0.0040) | 当前: 0.2482 🏆最优: 0.1317
   [T0] 进度: 20% | 34.4 万步/分钟 | 基温: 0.001569 | 重码=1038(0.0596) 重码率=0.0957%(0.1031) 当量=0.1653(0.0569) CV=1.2527(0.0001) 分布=13.2353(0.0075) | 当前: 0.2272 🏆最优: 0.1317
   [T0] 步数 8000001 | 34.4 万步/分钟: Reheat ×1.0 (基温 0.001569)
   [T0] 进度: 25% | 34.8 万步/分钟 | 基温: 0.001205 | 重码=990(0.0475) 重码率=0.0798%(0.0733) 当量=0.1592(0.0477) CV=1.2211(0.0001) 分布=12.1937(0.0049) | 当前: 0.1735 🏆最优: 0.1317
   [T0] 进度: 30% | 34.9 万步/分钟 | 基温: 0.000949 | 重码=924(0.0324) 重码率=0.0649%(0.0473) 当量=0.1538(0.0397) CV=1.2654(0.0001) 分布=13.1386(0.0073) | 当前: 0.1267 🏆最优: 0.1037
   [T0] 进度: 35% | 35.0 万步/分钟 | 基温: 0.000772 | 重码=890(0.0253) 重码率=0.0595%(0.0383) 当量=0.1565(0.0436) CV=1.2385(0.0001) 分布=12.8738(0.0066) | 当前: 0.1138 🏆最优: 0.0837
   [T0] 进度: 40% | 35.0 万步/分钟 | 基温: 0.000650 | 重码=901(0.0275) 重码率=0.0518%(0.0258) 当量=0.1476(0.0309) CV=1.3063(0.0002) 分布=10.4165(0.0010) | 当前: 0.0855 🏆最优: 0.0708
   [T0] 进度: 45% | 35.0 万步/分钟 | 基温: 0.000565 | 重码=880(0.0233) 重码率=0.0534%(0.0284) 当量=0.1528(0.0383) CV=1.3016(0.0001) 分布=10.4308(0.0010) | 当前: 0.0911 🏆最优: 0.0657
   [T0] 进度: 50% | 35.0 万步/分钟 | 基温: 0.000500 | 重码=865(0.0204) 重码率=0.0511%(0.0247) 当量=0.1457(0.0283) CV=1.2658(0.0001) 分布=10.0412(0.0003) | 当前: 0.0738 🏆最优: 0.0621
   [T0] 进度: 55% | 34.9 万步/分钟 | 基温: 0.000443 | 重码=855(0.0185) 重码率=0.0517%(0.0258) 当量=0.1451(0.0274) CV=1.2943(0.0001) 分布=10.2852(0.0007) | 当前: 0.0725 🏆最优: 0.0592
   [T0] 进度: 60% | 34.9 万步/分钟 | 基温: 0.000385 | 重码=842(0.0161) 重码率=0.0518%(0.0259) 当量=0.1447(0.0270) CV=1.2541(0.0001) 分布=10.1056(0.0004) | 当前: 0.0695 🏆最优: 0.0521
   [T0] 进度: 65% | 34.8 万步/分钟 | 基温: 0.000324 | 重码=821(0.0123) 重码率=0.0481%(0.0200) 当量=0.1379(0.0179) CV=1.2913(0.0001) 分布=11.3500(0.0030) | 当前: 0.0533 🏆最优: 0.0441
   [T0] 进度: 70% | 34.7 万步/分钟 | 基温: 0.000263 | 重码=812(0.0108) 重码率=0.0463%(0.0173) 当量=0.1397(0.0201) CV=1.3064(0.0002) 分布=10.1039(0.0004) | 当前: 0.0488 🏆最优: 0.0428
   [T0] 进度: 75% | 34.7 万步/分钟 | 基温: 0.000207 | 重码=799(0.0086) 重码率=0.0455%(0.0161) 当量=0.1364(0.0159) CV=1.3056(0.0002) 分布=9.8320(0.0002) | 当前: 0.0410 🏆最优: 0.0391
   [T0] 进度: 80% | 34.6 万步/分钟 | 基温: 0.000159 | 重码=788(0.0068) 重码率=0.0436%(0.0132) 当量=0.1382(0.0182) CV=1.3021(0.0002) 分布=10.0326(0.0002) | 当前: 0.0387 🏆最优: 0.0366
   [T0] 进度: 85% | 34.4 万步/分钟 | 基温: 0.000120 | 重码=784(0.0062) 重码率=0.0431%(0.0124) 当量=0.1382(0.0182) CV=1.3092(0.0002) 分布=9.9852(0.0002) | 当前: 0.0373 🏆最优: 0.0355
   [T0] 进度: 90% | 34.3 万步/分钟 | 基温: 0.000090 | 重码=781(0.0057) 重码率=0.0434%(0.0130) 当量=0.1373(0.0170) CV=1.3040(0.0002) 分布=9.8443(0.0002) | 当前: 0.0361 🏆最优: 0.0351
   [T0] 进度: 95% | 34.2 万步/分钟 | 基温: 0.000067 | 重码=778(0.0053) 重码率=0.0439%(0.0137) 当量=0.1364(0.0159) CV=1.3119(0.0003) 分布=10.0377(0.0003) | 当前: 0.0354 🏆最优: 0.0348
   [T0] SA 完成，执行最终精炼...
   [T0] 最终爬山改进 → 得分: 0.0348
   [T0] 最终得分: 0.0348 重码: 778

=================================
🏆 最优结果 (线程 2):
   综合得分: 0.0259
   「全码」重码数: 781  (分: 0.0057)
   「全码」重码率: 0.038544%  (分: 0.0057)
   「全码」加权键均当量: 0.1349  (分: 0.0139)
   「全码」当量变异系数(CV): 1.3220  (分: 0.0004)
   「全码」用指分布偏差(L2): 10.0321  (分: 0.0002)
⏱️ 总耗时: 7238.137628554s
=================================

📁 保存所有线程结果...
结果已保存至 output-20260604-055357/output-keymap.txt, output-encode.txt, output-simple-codes.txt, output-combined.txt 等

所有结果已保存至 output-20260604-055357/
  - summary.txt              汇总排名
  - output-*.txt             全局最优结果
  - output-simple-codes.txt  简码分配
  - thread-XX/               各线程结果

real	120m38.329s
user	956m20.947s
sys	0m3.296s
+ set +x
Thu Jun  4 07:54:35 AM CST 2026
