Mon Jun  8 10:41:33 CST 2026
检查优化相关环境变量：---->
USE_XIAOMING_RULE=1
<--------------------------
GIT version: moling-v3.1-33-g72dd477
On branch xiaoming
Your branch is up to date with 'origin/xiaoming'.

+ ./prepare-inputs.sh
(0) 生成简繁混合字频表 full-freq.txt ，繁体字频权重=0.1 ...
(1) 从 yuhao_charsets.lua 生成简繁常用字符集 chars.txt ...
(2) 从字频表 full-freq.txt 生成简繁常用字符集的字频表 freq.txt ...
    WARN: 951 个字符没有权重!
(3) 从宇浩星陈方案的大陆字形拆分表 yustar_chaifen.dict.yaml 生成简繁常用字符集的拆分表 chaifen.txt 和 chaifen-all.txt ...
(4) 从 chaifen-all.txt 生成字根频率表 roots-freq.txt ...
(5) 从万象拼音词典 chars.dict.yaml 生成字根读音 roots-pinyin.txt ...
(6) 从 roots-pinyin.txt 修正并生成字根声码韵码表 roots.txt ...
(7) 分析首根冲突情况，为选择飞键字根提供参考，写入 roots-fly-candidates.txt ...
(8) 生成码灵输入文件 input-fixed.txt, 大码约束 ...
(9) 添加码灵输入文件 input-fixed.txt, 声码和韵码约束 ...
(10) 添加码灵输入文件 input-fixed.txt, 飞键约束 ...
(11) 生成空的 input-roots.txt, 所有字根已定义于 input-fixed.txt ...
(12) 生成码灵输入文件 input-division.txt ...
(13) 替换 input-fixed.txt 和 input-division.txt 中的 .A, .S, .Y  为 .0, .1, .2 以让码灵能计算简码 ...
+ caffeinate -imsu ../target/release/code_genie optimize
✅ 已加载配置文件: config.toml
=== CodeGenie 码灵算法优化器 v10 ===
线程数: 8, 总步数: 8000000
初始温度: 0.005, 结束温度: 0.00005
全局允许键位: qwertyuiopasdfghjklxcvbnm
全码权重: 重码数=0.13, 重码率=0.47, 当量=0.36, CV=0.01, 分布=0.03
简码优化: 关闭 (全码占比=60%, 简码占比=40%)
用指分布输出顺序: qwertyuiopasdfghjklzxcvbnm
输出目录: output-20260608-104137

数据加载完毕:
  - 固定字根(单键): 535
  - 受限字根组(多键): 224 组
  - 动态字根组: 224 组 (共 569 字根)
  - 汉字数量: 11177
  - 总字频: 1031997198
  - 最大码长: 5

🔍 正在校验字根定义...
✅ 校验通过

📐 ScaleConfig 已全部手动配置，跳过自动校准...
  ScaleConfig 来源: 手动配置
  校准尺度 (Scale):
    CollisionCount: 0.007143
    CollisionRate:  2500.000000
    Equivalence:    6.666667
    EquivCV:        1.000000
    Distribution:   0.100000

  - 编码基数: 32
  - 编码空间: 33554432

🚀 开始优化...
   [Init T0] 候选 1/50 策略=均衡贪心 → 预热后得分: 3.0194 ✓
   [Init T0] 候选 2/50 策略=频率贪心 → 预热后得分: 2.0565 ✓
   [Init T0] 候选 6/50 策略=均衡贪心 → 预热后得分: 1.4919 ✓
   [Init T0] 坐标下降: 1.4919 → 0.6442
   [T0] 初始化完成 | 得分: 0.6442 | 重码: 214(0.2191) 重码率: 0.0172%(0.1014) 当量: 0.2115(0.3068) CV: 0.9389(0.0001) 分布: 13.9163(0.0168)
   🌡️ 降温曲线预览:
   舒适温度: 0.000500 (进度 50.0% 处)
   舒适区宽度: 0.15, 减速深度: 60%
   ┌──────────────────────────────────────────────────────
   │  0% T=5.00e-3 │██████████████████████████████████████████████████
   │  5% T=3.72e-3 │██████████████████████████████████████████████
   │ 10% T=2.77e-3 │███████████████████████████████████████████
   │ 15% T=2.08e-3 │████████████████████████████████████████
   │ 20% T=1.57e-3 │█████████████████████████████████████
   │ 25% T=1.21e-3 │██████████████████████████████████
   │ 30% T=9.49e-4 │███████████████████████████████
   │ 35% T=7.72e-4 │█████████████████████████████
   │ 40% T=6.50e-4 │███████████████████████████
   │ 45% T=5.65e-4 │██████████████████████████
   │ 50% T=5.00e-4 │█████████████████████████ ◄ 舒适区
   │ 55% T=4.43e-4 │███████████████████████
   │ 60% T=3.85e-4 │██████████████████████
   │ 65% T=3.24e-4 │████████████████████
   │ 70% T=2.63e-4 │██████████████████
   │ 75% T=2.07e-4 │███████████████
   │ 80% T=1.59e-4 │████████████
   │ 85% T=1.20e-4 │█████████
   │ 90% T=9.02e-5 │██████
   │ 95% T=6.72e-5 │███
   │100% T=5.00e-5 │
   └──────────────────────────────────────────────────────
   [T0] 进度: 5% | 38.8 万步/分钟 | 基温: 0.003719 | 重码=213(0.2165) 重码率=0.0163%(0.0877) 当量=0.1820(0.1726) CV=1.0085(0.0001) 分布=12.4400(0.0095) | 当前: 0.4864 🏆最优: 0.4392
   [T0] 进度: 10% | 37.6 万步/分钟 | 基温: 0.002772 | 重码=204(0.1939) 重码率=0.0148%(0.0648) 当量=0.1750(0.1447) CV=1.0123(0.0001) 分布=9.8431(0.0003) | 当前: 0.4039 🏆最优: 0.3347
   [T0] 进度: 15% | 37.2 万步/分钟 | 基温: 0.002076 | 重码=163(0.1046) 重码率=0.0127%(0.0348) 当量=0.1689(0.1217) CV=1.0098(0.0001) 分布=8.2899(0.0002) | 当前: 0.2615 🏆最优: 0.2423
   [T0] 进度: 20% | 37.4 万步/分钟 | 基温: 0.001569 | 重码=156(0.0916) 重码率=0.0136%(0.0479) 当量=0.1595(0.0886) CV=1.0349(0.0001) 分布=11.1779(0.0043) | 当前: 0.2325 🏆最优: 0.1914
   [T0] 进度: 25% | 36.0 万步/分钟 | 基温: 0.001205 | 重码=150(0.0810) 重码率=0.0126%(0.0337) 当量=0.1532(0.0681) CV=1.0408(0.0001) 分布=10.3908(0.0015) | 当前: 0.1844 🏆最优: 0.1702
   [T0] 进度: 30% | 34.6 万步/分钟 | 基温: 0.000949 | 重码=137(0.0596) 重码率=0.0122%(0.0285) 当量=0.1537(0.0696) CV=1.0591(0.0001) 分布=11.6996(0.0063) | 当前: 0.1641 🏆最优: 0.1539
   [T0] 进度: 35% | 33.6 万步/分钟 | 基温: 0.000772 | 重码=135(0.0565) 重码率=0.0120%(0.0258) 当量=0.1521(0.0645) CV=1.0603(0.0001) 分布=11.2048(0.0044) | 当前: 0.1513 🏆最优: 0.1408
   [T0] 进度: 40% | 32.5 万步/分钟 | 基温: 0.000650 | 重码=133(0.0534) 重码率=0.0120%(0.0255) 当量=0.1523(0.0652) CV=1.0450(0.0001) 分布=11.0461(0.0038) | 当前: 0.1480 🏆最优: 0.1408
   [T0] 进度: 45% | 31.8 万步/分钟 | 基温: 0.000565 | 重码=124(0.0404) 重码率=0.0118%(0.0237) 当量=0.1567(0.0793) CV=1.0542(0.0001) 分布=10.3754(0.0015) | 当前: 0.1449 🏆最优: 0.1357
   [T0] 进度: 50% | 31.4 万步/分钟 | 基温: 0.000500 | 重码=126(0.0432) 重码率=0.0116%(0.0208) 当量=0.1536(0.0691) CV=1.0442(0.0001) 分布=10.2963(0.0012) | 当前: 0.1344 🏆最优: 0.1339
   [T0] 进度: 55% | 31.2 万步/分钟 | 基温: 0.000443 | 重码=129(0.0475) 重码率=0.0116%(0.0212) 当量=0.1533(0.0682) CV=1.0496(0.0001) 分布=10.9919(0.0036) | 当前: 0.1406 🏆最优: 0.1329
   [T0] 进度: 60% | 31.2 万步/分钟 | 基温: 0.000385 | 重码=126(0.0432) 重码率=0.0117%(0.0225) 当量=0.1524(0.0654) CV=1.0626(0.0001) 分布=10.8991(0.0033) | 当前: 0.1344 🏆最优: 0.1329
   [T0] 步数 4934081 | 31.2 万步/分钟: Reheat ×1.0 (基温 0.000364)
   [T0] 进度: 65% | 31.0 万步/分钟 | 基温: 0.000324 | 重码=122(0.0376) 重码率=0.0117%(0.0217) 当量=0.1539(0.0703) CV=1.0520(0.0001) 分布=10.6663(0.0025) | 当前: 0.1322 🏆最优: 0.1319
   [T0] 进度: 70% | 30.7 万步/分钟 | 基温: 0.000263 | 重码=126(0.0432) 重码率=0.0117%(0.0227) 当量=0.1532(0.0678) CV=1.0601(0.0001) 分布=10.5814(0.0022) | 当前: 0.1360 🏆最优: 0.1319
   [T0] 步数 5996905 | 30.5 万步/分钟: Reheat ×1.0 (基温 0.000208)
   [T0] 进度: 75% | 30.5 万步/分钟 | 基温: 0.000207 | 重码=123(0.0390) 重码率=0.0117%(0.0226) 当量=0.1536(0.0692) CV=1.0473(0.0001) 分布=11.0857(0.0039) | 当前: 0.1348 🏆最优: 0.1319
   [T0] 进度: 80% | 30.1 万步/分钟 | 基温: 0.000159 | 重码=122(0.0376) 重码率=0.0117%(0.0226) 当量=0.1536(0.0693) CV=1.0499(0.0001) 分布=10.9907(0.0036) | 当前: 0.1333 🏆最优: 0.1319
   [T0] 步数 6796906 | 29.8 万步/分钟: Reheat ×1.0 (基温 0.000121)
   [T0] 进度: 85% | 29.8 万步/分钟 | 基温: 0.000120 | 重码=122(0.0376) 重码率=0.0117%(0.0226) 当量=0.1537(0.0697) CV=1.0493(0.0001) 分布=10.9994(0.0036) | 当前: 0.1336 🏆最优: 0.1319
   [T0] 进度: 90% | 26.1 万步/分钟 | 基温: 0.000090 | 重码=122(0.0376) 重码率=0.0117%(0.0226) 当量=0.1540(0.0704) CV=1.0517(0.0001) 分布=10.7761(0.0028) | 当前: 0.1335 🏆最优: 0.1319
   [T0] 步数 7596907 | 22.4 万步/分钟: Reheat ×1.0 (基温 0.000067)
   [T0] 进度: 95% | 22.4 万步/分钟 | 基温: 0.000067 | 重码=122(0.0376) 重码率=0.0117%(0.0219) 当量=0.1539(0.0702) CV=1.0461(0.0001) 分布=10.8205(0.0030) | 当前: 0.1329 🏆最优: 0.1319
   [T0] SA 完成，执行最终精炼...
   [T0] 坐标下降精炼: 0.1319 → 0.1317
   [T0] 最终得分: 0.1317 重码: 122

=================================
🏆 最优结果 (线程 6):
   综合得分: 0.0657
   「全码」重码数: 116  (分: 0.0297)
   「全码」重码率: 0.009942%  (分: 0.0012)
   「全码」加权键均当量: 0.1420  (分: 0.0344)
   「全码」当量变异系数(CV): 1.1290  (分: 0.0001)
   「全码」用指分布偏差(L2): 9.9834  (分: 0.0003)
⏱️ 总耗时: 2305.723518779s
=================================

📁 保存所有线程结果...
结果已保存至 output-20260608-104137/output-keymap.txt, output-encode.txt, output-simple-codes.txt, output-combined.txt 等

所有结果已保存至 output-20260608-104137/
  - summary.txt              汇总排名
  - output-*.txt             全局最优结果
  - output-simple-codes.txt  简码分配
  - thread-XX/               各线程结果

real	38m39.320s
user	253m20.049s
sys	6m14.233s
+ set +x
Mon Jun  8 11:20:16 CST 2026
