Mon May 25 02:44:20 CST 2026
检查优化相关环境变量：---->
<--------------------------
GIT version: moling-v3.1-16-g51979f2
On branch moling
Your branch is up to date with 'origin/moling'.

+ ./prepare-inputs.sh
(0) 生成简繁混合字频表 full-freq.txt ，繁体字频权重=0.1 ...
(1) 从 yuhao_charsets.lua 生成简繁常用字符集 chars.txt ...
(2) 从字频表 full-freq.txt 生成简繁常用字符集的字频表 freq.txt ...
    WARN: 951 个字符没有权重!
(3) 从宇浩星陈方案的大陆字形拆分表 yustar_chaifen.dict.yaml 生成简繁常用字符集的拆分表 chaifen.txt 和 chaifen-all.txt ...
(4) 从 chaifen-all.txt 生成字根频率表 roots-freq.txt ...
(5) 从万象拼音词典 chars.dict.yaml 生成字根读音 roots-pinyin.txt ...
(6) 从 roots-pinyin.txt 修正并生成字根声码韵码表 roots.txt ...
(7) 分析首根冲突情况，为选择飞键字根提供参考，写入 roots-fly-candidates.txt ...
(8) 生成码灵输入文件 input-fixed.txt, 大码约束 ...
(9) 添加码灵输入文件 input-fixed.txt, 声码和韵码约束 ...
(10) 添加码灵输入文件 input-fixed.txt, 飞键约束 ...
(11) 生成空的 input-roots.txt, 所有字根已定义于 input-fixed.txt ...
(12) 生成码灵输入文件 input-division.txt ...
+ caffeinate -imsu ../target/release/code_genie optimize
✅ 已加载配置文件: config.toml
=== CodeGenie 码灵算法优化器 v10 ===
线程数: 8, 总步数: 300000000
初始温度: 100, 结束温度: 0.00000001
全局允许键位: qwertyuiopasdfghjklxcvbnm
全码权重: 重码数=0.12, 重码率=0.50, 当量=0.34, CV=0.01, 分布=0.03
简码优化: 关闭 (全码占比=60%, 简码占比=40%)
用指分布输出顺序: qwertyuiopasdfghjklzxcvbnm
输出目录: output-20260525-024422

数据加载完毕:
  - 固定字根(单键): 570
  - 受限字根组(多键): 202 组
  - 动态字根组: 202 组 (共 367 字根)
  - 汉字数量: 11177
  - 总字频: 1031997198
  - 最大码长: 4

🔍 正在校验字根定义...
✅ 校验通过

📐 正在进行初始尺度校准...
  初始状态观测:
    重码数: 721,  重码率: 0.004099
    当量: 0.2242,  CV: 1.0705
  校准尺度 (Scale):
    CollisionCount: 0.001387
    CollisionRate:  243.989367
    Equivalence:    4.461176

  - 编码基数: 32
  - 编码空间: 1048576

🚀 开始优化...
   [Init T0] 候选 1/50 策略=均衡贪心 → 预热后得分: 0.6676 ✓
   [Init T0] 候选 6/50 策略=均衡贪心 → 预热后得分: 0.6569 ✓
   [Init T0] 候选 7/50 策略=频率贪心 → 预热后得分: 0.6469 ✓
   [Init T0] 候选 18/50 策略=频率贪心 → 预热后得分: 0.6079 ✓
   [Init T0] 坐标下降: 0.6079 → 0.4977
   [T0] 初始化完成 | 得分: 0.4977 | 重码: 934 重码率: 0.0596% 当量: 0.1621
   🌡️ 降温曲线预览:
   舒适温度: 0.400000 (进度 24.0% 处)
   舒适区宽度: 0.15, 减速深度: 70%
   ┌──────────────────────────────────────────────────────
   │  0% T=1.00e2 │██████████████████████████████████████████████████
   │  5% T=3.18e1 │███████████████████████████████████████████████
   │ 10% T=1.24e1 │█████████████████████████████████████████████
   │ 15% T=5.93e0 │███████████████████████████████████████████
   │ 20% T=3.39e0 │██████████████████████████████████████████
   │ 25% T=2.12e0 │█████████████████████████████████████████ ◄ 舒适区
   │ 30% T=1.29e0 │████████████████████████████████████████
   │ 35% T=6.95e-1 │███████████████████████████████████████
   │ 40% T=3.06e-1 │█████████████████████████████████████
   │ 45% T=1.09e-1 │███████████████████████████████████
   │ 50% T=3.24e-2 │████████████████████████████████
   │ 55% T=8.36e-3 │█████████████████████████████
   │ 60% T=1.98e-3 │██████████████████████████
   │ 65% T=4.44e-4 │███████████████████████
   │ 70% T=9.76e-5 │███████████████████
   │ 75% T=2.12e-5 │████████████████
   │ 80% T=4.59e-6 │█████████████
   │ 85% T=9.92e-7 │█████████
   │ 90% T=2.14e-7 │██████
   │ 95% T=4.63e-8 │███
   │100% T=1.00e-8 │
   └──────────────────────────────────────────────────────
   [T0] 进度: 5% | 82.6 万步/分钟 | 基温: 31.797066 | 重码=2214 重码率=2.6840% 当量=0.2876 | 当前: 4.1430 🏆最优: 0.4977
   [T0] 步数 30000000 | 82.9 万步/分钟: Reheat ×1.0 (基温 12.356160)
   [T0] 进度: 10% | 82.9 万步/分钟 | 基温: 12.356160 | 重码=2450 重码率=2.5594% 当量=0.2529 | 当前: 3.9604 🏆最优: 0.4977
   [T0] 进度: 15% | 82.8 万步/分钟 | 基温: 5.933302 | 重码=2053 重码率=2.5919% 当量=0.2991 | 当前: 3.9985 🏆最优: 0.4977
   [T0] 进度: 20% | 83.2 万步/分钟 | 基温: 3.392728 | 重码=2446 重码率=2.5641% 当量=0.2678 | 当前: 3.9666 🏆最优: 0.4977
   [T0] 步数 60000001 | 83.2 万步/分钟: Reheat ×1.0 (基温 3.392728)
   [T0] 进度: 25% | 82.1 万步/分钟 | 基温: 2.120855 | 重码=2280 重码率=1.8388% 当量=0.2349 | 当前: 3.0661 🏆最优: 0.4977
   [T0] 进度: 30% | 81.9 万步/分钟 | 基温: 1.294832 | 重码=2528 重码率=2.3609% 当量=0.2538 | 当前: 3.7300 🏆最优: 0.4977
   [T0] 步数 90000002 | 81.9 万步/分钟: Reheat ×1.0 (基温 1.294832)
   [T0] 进度: 35% | 81.4 万步/分钟 | 基温: 0.694849 | 重码=2310 重码率=1.9449% 当量=0.2681 | 当前: 3.2066 🏆最优: 0.4977
   [T0] 进度: 40% | 80.6 万步/分钟 | 基温: 0.306489 | 重码=1969 重码率=1.3872% 当量=0.2348 | 当前: 2.4192 🏆最优: 0.4977
   [T0] 步数 120000003 | 80.6 万步/分钟: Reheat ×1.0 (基温 0.306489)
   [T0] 进度: 45% | 79.9 万步/分钟 | 基温: 0.109338 | 重码=2044 重码率=1.8302% 当量=0.2638 | 当前: 3.0161 🏆最优: 0.4977
   [T0] 进度: 50% | 78.3 万步/分钟 | 基温: 0.032389 | 重码=1703 重码率=0.8510% 当量=0.2521 | 当前: 1.7613 🏆最优: 0.4977
   [T0] 步数 150000004 | 78.3 万步/分钟: Reheat ×1.0 (基温 0.032389)
   [T0] 进度: 55% | 75.6 万步/分钟 | 基温: 0.008360 | 重码=1521 重码率=0.4235% 当量=0.2080 | 当前: 1.1124 🏆最优: 0.4977
   [T0] 进度: 60% | 72.6 万步/分钟 | 基温: 0.001976 | 重码=1176 重码率=0.1340% 当量=0.1733 | 当前: 0.6455 🏆最优: 0.4977
   [T0] 步数 180000005 | 72.6 万步/分钟: Reheat ×1.0 (基温 0.001976)
   [T0] 进度: 65% | 69.8 万步/分钟 | 基温: 0.000444 | 重码=903 重码率=0.0560% 当量=0.1343 | 当前: 0.4449 🏆最优: 0.4320
   [T0] 进度: 70% | 66.3 万步/分钟 | 基温: 0.000098 | 重码=824 重码率=0.0496% 当量=0.1265 | 当前: 0.4101 🏆最优: 0.4077
   [T0] 进度: 75% | 61.8 万步/分钟 | 基温: 0.000021 | 重码=824 重码率=0.0501% 当量=0.1252 | 当前: 0.4075 🏆最优: 0.4073
   [T0] 进度: 80% | 56.5 万步/分钟 | 基温: 0.000005 | 重码=823 重码率=0.0501% 当量=0.1254 | 当前: 0.4073 🏆最优: 0.4073
   [T0] 步数 246489330 | 55.2 万步/分钟: Reheat ×1.0 (基温 0.000002)
   [T0] 进度: 85% | 53.3 万步/分钟 | 基温: 0.000001 | 重码=823 重码率=0.0501% 当量=0.1254 | 当前: 0.4073 🏆最优: 0.4073
   [T0] 进度: 90% | 49.8 万步/分钟 | 基温: 0.000000 | 重码=823 重码率=0.0501% 当量=0.1254 | 当前: 0.4073 🏆最优: 0.4073
   [T0] 步数 276489331 | 49.5 万步/分钟: Reheat ×1.0 (基温 0.000000)
   [T0] 进度: 95% | 48.9 万步/分钟 | 基温: 0.000000 | 重码=823 重码率=0.0501% 当量=0.1254 | 当前: 0.4073 🏆最优: 0.4073
   [T0] SA 完成，执行最终精炼...
   [T0] 最终得分: 0.4073 重码: 823

=================================
🏆 最优结果 (线程 4):
   综合得分: 0.3975
   「全码」重码数: 798
   「全码」重码率: 0.047064%
   「全码」加权键均当量: 0.1236
   「全码」当量变异系数(CV): 1.3500
   「全码」用指分布偏差(L2): 6.8735
⏱️ 总耗时: 37701.760690758s
=================================

📁 保存所有线程结果...
结果已保存至 output-20260525-024422/output-keymap.txt, output-encode.txt, output-simple-codes.txt, output-combined.txt 等

所有结果已保存至 output-20260525-024422/
  - summary.txt              汇总排名
  - output-*.txt             全局最优结果
  - output-simple-codes.txt  简码分配
  - thread-XX/               各线程结果

real	628m23.153s
user	4845m42.386s
sys	31m46.932s
+ set +x
Mon May 25 13:12:46 CST 2026
