Fri May 29 06:55:44 AM CST 2026
检查优化相关环境变量：---->
<--------------------------
GIT version: moling-v3.1-22-gf95ed0b
On branch moling
Your branch is up to date with 'origin/moling'.

+ ./prepare-inputs.sh
(0) 生成简繁混合字频表 full-freq.txt ，繁体字频权重=0.1 ...
(1) 从 yuhao_charsets.lua 生成简繁常用字符集 chars.txt ...
(2) 从字频表 full-freq.txt 生成简繁常用字符集的字频表 freq.txt ...
    WARN: 951 个字符没有权重!
(3) 从宇浩星陈方案的大陆字形拆分表 yustar_chaifen.dict.yaml 生成简繁常用字符集的拆分表 chaifen.txt 和 chaifen-all.txt ...
(4) 从 chaifen-all.txt 生成字根频率表 roots-freq.txt ...
(5) 从万象拼音词典 chars.dict.yaml 生成字根读音 roots-pinyin.txt ...
(6) 从 roots-pinyin.txt 修正并生成字根声码韵码表 roots.txt ...
(7) 分析首根冲突情况，为选择飞键字根提供参考，写入 roots-fly-candidates.txt ...
(8) 生成码灵输入文件 input-fixed.txt, 大码约束 ...
(9) 添加码灵输入文件 input-fixed.txt, 声码和韵码约束 ...
(10) 添加码灵输入文件 input-fixed.txt, 飞键约束 ...
(11) 生成空的 input-roots.txt, 所有字根已定义于 input-fixed.txt ...
(12) 生成码灵输入文件 input-division.txt ...
+ ../target/release/code_genie optimize
✅ 已加载配置文件: config.toml
=== CodeGenie 码灵算法优化器 v10 ===
线程数: 8, 总步数: 300000000
初始温度: 100, 结束温度: 0.00000001
全局允许键位: qwertyuiopasdfghjklxcvbnm
全码权重: 重码数=0.10, 重码率=0.50, 当量=0.36, CV=0.01, 分布=0.03
简码优化: 关闭 (全码占比=60%, 简码占比=40%)
用指分布输出顺序: qwertyuiopasdfghjklzxcvbnm
输出目录: output-20260529-065545

数据加载完毕:
  - 固定字根(单键): 570
  - 受限字根组(多键): 202 组
  - 动态字根组: 202 组 (共 367 字根)
  - 汉字数量: 11177
  - 总字频: 1031997198
  - 最大码长: 4

🔍 正在校验字根定义...
✅ 校验通过

📐 正在进行初始尺度校准...
  初始状态观测:
    重码数: 697,  重码率: 0.004500
    当量: 0.2570,  CV: 1.0043
  校准尺度 (Scale):
    CollisionCount: 0.001435
    CollisionRate:  222.202144
    Equivalence:    3.891686

  - 编码基数: 32
  - 编码空间: 1048576

🚀 开始优化...
   [Init T0] 候选 1/50 策略=均衡贪心 → 预热后得分: 0.6537 ✓
   [Init T0] 候选 2/50 策略=频率贪心 → 预热后得分: 0.6078 ✓
   [Init T0] 候选 5/50 策略=纯随机 → 预热后得分: 0.5740 ✓
   [Init T0] 坐标下降: 0.5740 → 0.4560
   [T0] 初始化完成 | 得分: 0.4560 | 重码: 925 重码率: 0.0661% 当量: 0.1616
   🌡️ 降温曲线预览:
   舒适温度: 0.400000 (进度 24.0% 处)
   舒适区宽度: 0.15, 减速深度: 70%
   ┌──────────────────────────────────────────────────────
   │  0% T=1.00e2 │██████████████████████████████████████████████████
   │  5% T=3.18e1 │███████████████████████████████████████████████
   │ 10% T=1.24e1 │█████████████████████████████████████████████
   │ 15% T=5.93e0 │███████████████████████████████████████████
   │ 20% T=3.39e0 │██████████████████████████████████████████
   │ 25% T=2.12e0 │█████████████████████████████████████████ ◄ 舒适区
   │ 30% T=1.29e0 │████████████████████████████████████████
   │ 35% T=6.95e-1 │███████████████████████████████████████
   │ 40% T=3.06e-1 │█████████████████████████████████████
   │ 45% T=1.09e-1 │███████████████████████████████████
   │ 50% T=3.24e-2 │████████████████████████████████
   │ 55% T=8.36e-3 │█████████████████████████████
   │ 60% T=1.98e-3 │██████████████████████████
   │ 65% T=4.44e-4 │███████████████████████
   │ 70% T=9.76e-5 │███████████████████
   │ 75% T=2.12e-5 │████████████████
   │ 80% T=4.59e-6 │█████████████
   │ 85% T=9.92e-7 │█████████
   │ 90% T=2.14e-7 │██████
   │ 95% T=4.63e-8 │███
   │100% T=1.00e-8 │
   └──────────────────────────────────────────────────────
   [T0] 进度: 5% | 63.1 万步/分钟 | 基温: 31.797066 | 重码=2137 重码率=1.8237% 当量=0.2383 | 当前: 2.7031 🏆最优: 0.4560
   [T0] 步数 30000000 | 63.8 万步/分钟: Reheat ×1.0 (基温 12.356160)
   [T0] 进度: 10% | 63.8 万步/分钟 | 基温: 12.356160 | 重码=1996 重码率=1.6673% 当量=0.2628 | 当前: 2.5602 🏆最优: 0.4560
   [T0] 进度: 15% | 64.3 万步/分钟 | 基温: 5.933302 | 重码=2574 重码率=2.7834% 当量=0.2711 | 当前: 3.8829 🏆最优: 0.4560
   [T0] 进度: 20% | 64.3 万步/分钟 | 基温: 3.392728 | 重码=2145 重码率=2.2458% 当量=0.2819 | 当前: 3.2585 🏆最优: 0.4560
   [T0] 步数 60000001 | 64.3 万步/分钟: Reheat ×1.0 (基温 3.392728)
   [T0] 进度: 25% | 64.2 万步/分钟 | 基温: 2.120855 | 重码=2029 重码率=2.0282% 当量=0.2475 | 当前: 2.9466 🏆最优: 0.4560
   [T0] 进度: 30% | 64.0 万步/分钟 | 基温: 1.294832 | 重码=2145 重码率=2.1405% 当量=0.2691 | 当前: 3.1002 🏆最优: 0.4560
   [T0] 步数 90000002 | 64.0 万步/分钟: Reheat ×1.0 (基温 1.294832)
   [T0] 进度: 35% | 63.7 万步/分钟 | 基温: 0.694849 | 重码=1989 重码率=1.9542% 当量=0.2653 | 当前: 2.8712 🏆最优: 0.4560
   [T0] 进度: 40% | 63.3 万步/分钟 | 基温: 0.306489 | 重码=2128 重码率=1.8182% 当量=0.2377 | 当前: 2.7082 🏆最优: 0.4560
   [T0] 步数 120000003 | 63.3 万步/分钟: Reheat ×1.0 (基温 0.306489)
   [T0] 进度: 45% | 62.5 万步/分钟 | 基温: 0.109338 | 重码=1866 重码率=1.5526% 当量=0.2812 | 当前: 2.4279 🏆最优: 0.4560
   [T0] 进度: 50% | 61.1 万步/分钟 | 基温: 0.032389 | 重码=1469 重码率=0.9416% 当量=0.2831 | 当前: 1.6896 🏆最优: 0.4560
   [T0] 步数 150000004 | 61.1 万步/分钟: Reheat ×1.0 (基温 0.032389)
   [T0] 进度: 55% | 59.1 万步/分钟 | 基温: 0.008360 | 重码=1382 重码率=0.3803% 当量=0.2353 | 当前: 0.9882 🏆最优: 0.4560
   [T0] 进度: 60% | 56.7 万步/分钟 | 基温: 0.001976 | 重码=1170 重码率=0.1330% 当量=0.1802 | 当前: 0.6050 🏆最优: 0.4560
   [T0] 步数 180000005 | 56.7 万步/分钟: Reheat ×1.0 (基温 0.001976)
   [T0] 进度: 65% | 54.5 万步/分钟 | 基温: 0.000444 | 重码=923 重码率=0.0528% 当量=0.1377 | 当前: 0.4039 🏆最优: 0.3959
   [T0] 进度: 70% | 52.7 万步/分钟 | 基温: 0.000098 | 重码=811 重码率=0.0430% 当量=0.1349 | 当前: 0.3717 🏆最优: 0.3696
   [T0] 进度: 75% | 51.2 万步/分钟 | 基温: 0.000021 | 重码=802 重码率=0.0421% 当量=0.1346 | 当前: 0.3693 🏆最优: 0.3690
   [T0] 进度: 80% | 49.9 万步/分钟 | 基温: 0.000005 | 重码=798 重码率=0.0419% 当量=0.1350 | 当前: 0.3691 🏆最优: 0.3690
   [T0] 步数 253505997 | 48.9 万步/分钟: Reheat ×1.0 (基温 0.000001)
   [T0] 进度: 85% | 48.8 万步/分钟 | 基温: 0.000001 | 重码=798 重码率=0.0419% 当量=0.1350 | 当前: 0.3690 🏆最优: 0.3690
   [T0] 进度: 90% | 47.8 万步/分钟 | 基温: 0.000000 | 重码=798 重码率=0.0419% 当量=0.1350 | 当前: 0.3690 🏆最优: 0.3690
   [T0] 步数 283505998 | 47.0 万步/分钟: Reheat ×1.0 (基温 0.000000)
   [T0] 进度: 95% | 47.0 万步/分钟 | 基温: 0.000000 | 重码=798 重码率=0.0419% 当量=0.1350 | 当前: 0.3690 🏆最优: 0.3690
   [T0] SA 完成，执行最终精炼...
   [T0] 最终得分: 0.3690 重码: 798

=================================
🏆 最优结果 (线程 3):
   综合得分: 0.3686
   「全码」重码数: 832
   「全码」重码率: 0.046483%
   「全码」加权键均当量: 0.1269
   「全码」当量变异系数(CV): 1.3231
   「全码」用指分布偏差(L2): 7.4196
⏱️ 总耗时: 39937.962685932s
=================================

📁 保存所有线程结果...
结果已保存至 output-20260529-065545/output-keymap.txt, output-encode.txt, output-simple-codes.txt, output-combined.txt 等

所有结果已保存至 output-20260529-065545/
  - summary.txt              汇总排名
  - output-*.txt             全局最优结果
  - output-simple-codes.txt  简码分配
  - thread-XX/               各线程结果

real	665m38.139s
user	5286m6.315s
sys	0m14.039s
+ set +x
Fri May 29 06:01:24 PM CST 2026
