Sat May 23 10:14:05 PM CST 2026
检查优化相关环境变量：---->
ENABLE_MIXED_FREQ=0.05
<--------------------------
GIT version: moling-v3.1-13-gc982884
On branch moling
Your branch is up to date with 'origin/moling'.

+ ./prepare-inputs.sh
(0) 生成简繁混合字频表 full-freq.txt ，繁体字频权重=0.05 ...
(1) 从 yuhao_charsets.lua 生成简繁常用字符集 chars.txt ...
(2) 从字频表 full-freq.txt 生成简繁常用字符集的字频表 freq.txt ...
    WARN: 951 个字符没有权重!
(3) 从宇浩星陈方案的大陆字形拆分表 yustar_chaifen.dict.yaml 生成简繁常用字符集的拆分表 chaifen.txt 和 chaifen-all.txt ...
(4) 从 chaifen-all.txt 生成字根频率表 roots-freq.txt ...
(5) 从万象拼音词典 chars.dict.yaml 生成字根读音 roots-pinyin.txt ...
(6) 从 roots-pinyin.txt 修正并生成字根声码韵码表 roots.txt ...
(7) 分析首根冲突情况，为选择飞键字根提供参考，写入 roots-fly-candidates.txt ...
(8) 生成码灵输入文件 input-fixed.txt, 大码约束 ...
(9) 添加码灵输入文件 input-fixed.txt, 声码和韵码约束 ...
(10) 添加码灵输入文件 input-fixed.txt, 飞键约束 ...
(11) 生成空的 input-roots.txt, 所有字根已定义于 input-fixed.txt ...
(12) 生成码灵输入文件 input-division.txt ...
+ ../target/release/code_genie optimize
✅ 已加载配置文件: config.toml
=== CodeGenie 码灵算法优化器 v10 ===
线程数: 8, 总步数: 300000000
初始温度: 100, 结束温度: 0.00000001
全局允许键位: qwertyuiopasdfghjklxcvbnm
全码权重: 重码数=0.12, 重码率=0.48, 当量=0.35, CV=0.01, 分布=0.04
简码优化: 关闭 (全码占比=60%, 简码占比=40%)
用指分布输出顺序: qwertyuiopasdfghjklzxcvbnm
输出目录: output-20260523-221406

数据加载完毕:
  - 固定字根(单键): 570
  - 受限字根组(多键): 202 组
  - 动态字根组: 202 组 (共 367 字根)
  - 汉字数量: 11177
  - 总字频: 1015773801
  - 最大码长: 4

🔍 正在校验字根定义...
✅ 校验通过

📐 正在进行初始尺度校准...
  初始状态观测:
    重码数: 703,  重码率: 0.006854
    当量: 0.2689,  CV: 0.9118
  校准尺度 (Scale):
    CollisionCount: 0.001422
    CollisionRate:  145.899169
    Equivalence:    3.718435

  - 编码基数: 32
  - 编码空间: 1048576

🚀 开始优化...
   [Init T0] 候选 1/50 策略=均衡贪心 → 预热后得分: 0.5518 ✓
   [Init T0] 候选 2/50 策略=频率贪心 → 预热后得分: 0.5401 ✓
   [Init T0] 候选 3/50 策略=频率贪心 → 预热后得分: 0.5296 ✓
   [Init T0] 候选 12/50 策略=频率贪心 → 预热后得分: 0.5293 ✓
   [Init T0] 坐标下降: 0.5293 → 0.4340
   [T0] 初始化完成 | 得分: 0.4340 | 重码: 891 重码率: 0.0685% 当量: 0.1634
   🌡️ 降温曲线预览:
   舒适温度: 0.400000 (进度 24.0% 处)
   舒适区宽度: 0.15, 减速深度: 70%
   ┌──────────────────────────────────────────────────────
   │  0% T=1.00e2 │██████████████████████████████████████████████████
   │  5% T=3.18e1 │███████████████████████████████████████████████
   │ 10% T=1.24e1 │█████████████████████████████████████████████
   │ 15% T=5.93e0 │███████████████████████████████████████████
   │ 20% T=3.39e0 │██████████████████████████████████████████
   │ 25% T=2.12e0 │█████████████████████████████████████████ ◄ 舒适区
   │ 30% T=1.29e0 │████████████████████████████████████████
   │ 35% T=6.95e-1 │███████████████████████████████████████
   │ 40% T=3.06e-1 │█████████████████████████████████████
   │ 45% T=1.09e-1 │███████████████████████████████████
   │ 50% T=3.24e-2 │████████████████████████████████
   │ 55% T=8.36e-3 │█████████████████████████████
   │ 60% T=1.98e-3 │██████████████████████████
   │ 65% T=4.44e-4 │███████████████████████
   │ 70% T=9.76e-5 │███████████████████
   │ 75% T=2.12e-5 │████████████████
   │ 80% T=4.59e-6 │█████████████
   │ 85% T=9.92e-7 │█████████
   │ 90% T=2.14e-7 │██████
   │ 95% T=4.63e-8 │███
   │100% T=1.00e-8 │
   └──────────────────────────────────────────────────────
   [T0] 进度: 5% | 56.1 万步/分钟 | 基温: 31.797066 | 重码=2324 重码率=2.0313% 当量=0.2731 | 当前: 2.2721 🏆最优: 0.4340
   [T0] 步数 30000000 | 55.1 万步/分钟: Reheat ×1.0 (基温 12.356160)
   [T0] 进度: 10% | 55.1 万步/分钟 | 基温: 12.356160 | 重码=2557 重码率=3.0313% 当量=0.2167 | 当前: 2.9241 🏆最优: 0.4340
   [T0] 进度: 15% | 56.9 万步/分钟 | 基温: 5.933302 | 重码=2438 重码率=2.1065% 当量=0.2304 | 当前: 2.2663 🏆最优: 0.4340
   [T0] 进度: 20% | 58.1 万步/分钟 | 基温: 3.392728 | 重码=1933 重码率=2.1035% 当量=0.2480 | 当前: 2.1918 🏆最优: 0.4340
   [T0] 步数 60000001 | 58.1 万步/分钟: Reheat ×1.0 (基温 3.392728)
   [T0] 进度: 25% | 58.7 万步/分钟 | 基温: 2.120855 | 重码=2221 重码率=2.4576% 当量=0.2605 | 当前: 2.5184 🏆最优: 0.4340
   [T0] 进度: 30% | 59.1 万步/分钟 | 基温: 1.294832 | 重码=2494 重码率=2.6855% 当量=0.2148 | 当前: 2.6799 🏆最优: 0.4340
   [T0] 步数 90000002 | 59.1 万步/分钟: Reheat ×1.0 (基温 1.294832)
   [T0] 进度: 35% | 59.2 万步/分钟 | 基温: 0.694849 | 重码=2184 重码率=2.1782% 当量=0.2630 | 当前: 2.3157 🏆最优: 0.4340
   [T0] 进度: 40% | 59.2 万步/分钟 | 基温: 0.306489 | 重码=2027 重码率=1.9694% 当量=0.2447 | 当前: 2.0978 🏆最优: 0.4340
   [T0] 步数 120000003 | 59.2 万步/分钟: Reheat ×1.0 (基温 0.306489)
   [T0] 进度: 45% | 58.8 万步/分钟 | 基温: 0.109338 | 重码=1825 重码率=1.7446% 当量=0.2434 | 当前: 1.9216 🏆最优: 0.4340
   [T0] 进度: 50% | 58.1 万步/分钟 | 基温: 0.032389 | 重码=1756 重码率=1.1131% 当量=0.2383 | 当前: 1.4608 🏆最优: 0.4340
   [T0] 步数 150000004 | 58.1 万步/分钟: Reheat ×1.0 (基温 0.032389)
   [T0] 进度: 55% | 56.5 万步/分钟 | 基温: 0.008360 | 重码=1553 重码率=0.4690% 当量=0.2275 | 当前: 0.9372 🏆最优: 0.4340
   [T0] 进度: 60% | 54.5 万步/分钟 | 基温: 0.001976 | 重码=1206 重码率=0.1545% 当量=0.1890 | 当前: 0.6000 🏆最优: 0.4340
   [T0] 步数 180000005 | 54.5 万步/分钟: Reheat ×1.0 (基温 0.001976)
   [T0] 进度: 65% | 52.4 万步/分钟 | 基温: 0.000444 | 重码=922 重码率=0.0675% 当量=0.1462 | 当前: 0.4193 🏆最优: 0.3853
   [T0] 进度: 70% | 50.7 万步/分钟 | 基温: 0.000098 | 重码=778 重码率=0.0461% 当量=0.1299 | 当前: 0.3543 🏆最优: 0.3524
   [T0] 进度: 75% | 49.3 万步/分钟 | 基温: 0.000021 | 重码=766 重码率=0.0456% 当量=0.1304 | 当前: 0.3522 🏆最优: 0.3522
   [T0] 进度: 80% | 48.0 万步/分钟 | 基温: 0.000005 | 重码=769 重码率=0.0451% 当量=0.1304 | 当前: 0.3522 🏆最优: 0.3522
   [T0] 步数 251615604 | 47.2 万步/分钟: Reheat ×1.0 (基温 0.000001)
   [T0] 进度: 85% | 47.0 万步/分钟 | 基温: 0.000001 | 重码=769 重码率=0.0452% 当量=0.1304 | 当前: 0.3522 🏆最优: 0.3522
   [T0] 进度: 90% | 46.1 万步/分钟 | 基温: 0.000000 | 重码=769 重码率=0.0452% 当量=0.1304 | 当前: 0.3522 🏆最优: 0.3522
   [T0] 步数 281615605 | 45.4 万步/分钟: Reheat ×1.0 (基温 0.000000)
   [T0] 进度: 95% | 45.3 万步/分钟 | 基温: 0.000000 | 重码=769 重码率=0.0452% 当量=0.1304 | 当前: 0.3522 🏆最优: 0.3522
   [T0] SA 完成，执行最终精炼...
   [T0] 最终爬山改进 → 得分: 0.3522
   [T0] 最终得分: 0.3522 重码: 766

=================================
🏆 最优结果 (线程 7):
   综合得分: 0.3427
   「全码」重码数: 768
   「全码」重码率: 0.042044%
   「全码」加权键均当量: 0.1248
   「全码」当量变异系数(CV): 1.3268
   「全码」用指分布偏差(L2): 2.4801
⏱️ 总耗时: 41163.572479961s
=================================

📁 保存所有线程结果...
结果已保存至 output-20260523-221406/output-keymap.txt, output-encode.txt, output-simple-codes.txt, output-combined.txt 等

所有结果已保存至 output-20260523-221406/
  - summary.txt              汇总排名
  - output-*.txt             全局最优结果
  - output-simple-codes.txt  简码分配
  - thread-XX/               各线程结果

real	686m3.848s
user	5426m29.606s
sys	0m13.315s
+ set +x
Sun May 24 09:40:10 AM CST 2026
